Archive member included to satisfy reference by file (symbol)

C:/ST/STM32CubeIDE_1.18.0/STM32CubeIDE/plugins/com.st.stm32cube.ide.mcu.externaltools.gnu-tools-for-stm32.13.3.rel1.win32_1.0.0.202411081344/tools/bin/../lib/gcc/arm-none-eabi/13.3.1/../../../../arm-none-eabi/lib/thumb/v7e-m+fp/hard\libc_nano.a(libc_a-exit.o)
                              C:/ST/STM32CubeIDE_1.18.0/STM32CubeIDE/plugins/com.st.stm32cube.ide.mcu.externaltools.gnu-tools-for-stm32.13.3.rel1.win32_1.0.0.202411081344/tools/bin/../lib/gcc/arm-none-eabi/13.3.1/../../../../arm-none-eabi/lib/thumb/v7e-m+fp/hard/crt0.o (exit)
C:/ST/STM32CubeIDE_1.18.0/STM32CubeIDE/plugins/com.st.stm32cube.ide.mcu.externaltools.gnu-tools-for-stm32.13.3.rel1.win32_1.0.0.202411081344/tools/bin/../lib/gcc/arm-none-eabi/13.3.1/../../../../arm-none-eabi/lib/thumb/v7e-m+fp/hard\libc_nano.a(libc_a-nano-vfprintf_float.o)
                              (_printf_float)
C:/ST/STM32CubeIDE_1.18.0/STM32CubeIDE/plugins/com.st.stm32cube.ide.mcu.externaltools.gnu-tools-for-stm32.13.3.rel1.win32_1.0.0.202411081344/tools/bin/../lib/gcc/arm-none-eabi/13.3.1/../../../../arm-none-eabi/lib/thumb/v7e-m+fp/hard\libc_nano.a(libc_a-nano-vfprintf_i.o)
                              C:/ST/STM32CubeIDE_1.18.0/STM32CubeIDE/plugins/com.st.stm32cube.ide.mcu.externaltools.gnu-tools-for-stm32.13.3.rel1.win32_1.0.0.202411081344/tools/bin/../lib/gcc/arm-none-eabi/13.3.1/../../../../arm-none-eabi/lib/thumb/v7e-m+fp/hard\libc_nano.a(libc_a-nano-vfprintf_float.o) (_printf_common)
C:/ST/STM32CubeIDE_1.18.0/STM32CubeIDE/plugins/com.st.stm32cube.ide.mcu.externaltools.gnu-tools-for-stm32.13.3.rel1.win32_1.0.0.202411081344/tools/bin/../lib/gcc/arm-none-eabi/13.3.1/../../../../arm-none-eabi/lib/thumb/v7e-m+fp/hard\libc_nano.a(libc_a-findfp.o)
                              C:/ST/STM32CubeIDE_1.18.0/STM32CubeIDE/plugins/com.st.stm32cube.ide.mcu.externaltools.gnu-tools-for-stm32.13.3.rel1.win32_1.0.0.202411081344/tools/bin/../lib/gcc/arm-none-eabi/13.3.1/../../../../arm-none-eabi/lib/thumb/v7e-m+fp/hard\libc_nano.a(libc_a-exit.o) (__stdio_exit_handler)
C:/ST/STM32CubeIDE_1.18.0/STM32CubeIDE/plugins/com.st.stm32cube.ide.mcu.externaltools.gnu-tools-for-stm32.13.3.rel1.win32_1.0.0.202411081344/tools/bin/../lib/gcc/arm-none-eabi/13.3.1/../../../../arm-none-eabi/lib/thumb/v7e-m+fp/hard\libc_nano.a(libc_a-fwalk.o)
                              C:/ST/STM32CubeIDE_1.18.0/STM32CubeIDE/plugins/com.st.stm32cube.ide.mcu.externaltools.gnu-tools-for-stm32.13.3.rel1.win32_1.0.0.202411081344/tools/bin/../lib/gcc/arm-none-eabi/13.3.1/../../../../arm-none-eabi/lib/thumb/v7e-m+fp/hard\libc_nano.a(libc_a-findfp.o) (_fwalk_sglue)
C:/ST/STM32CubeIDE_1.18.0/STM32CubeIDE/plugins/com.st.stm32cube.ide.mcu.externaltools.gnu-tools-for-stm32.13.3.rel1.win32_1.0.0.202411081344/tools/bin/../lib/gcc/arm-none-eabi/13.3.1/../../../../arm-none-eabi/lib/thumb/v7e-m+fp/hard\libc_nano.a(libc_a-snprintf.o)
                              ./Core/DataLogger/hal/hal_EEPROM/src/hal_EEPROM.o (snprintf)
C:/ST/STM32CubeIDE_1.18.0/STM32CubeIDE/plugins/com.st.stm32cube.ide.mcu.externaltools.gnu-tools-for-stm32.13.3.rel1.win32_1.0.0.202411081344/tools/bin/../lib/gcc/arm-none-eabi/13.3.1/../../../../arm-none-eabi/lib/thumb/v7e-m+fp/hard\libc_nano.a(libc_a-stdio.o)
                              C:/ST/STM32CubeIDE_1.18.0/STM32CubeIDE/plugins/com.st.stm32cube.ide.mcu.externaltools.gnu-tools-for-stm32.13.3.rel1.win32_1.0.0.202411081344/tools/bin/../lib/gcc/arm-none-eabi/13.3.1/../../../../arm-none-eabi/lib/thumb/v7e-m+fp/hard\libc_nano.a(libc_a-findfp.o) (__sread)
C:/ST/STM32CubeIDE_1.18.0/STM32CubeIDE/plugins/com.st.stm32cube.ide.mcu.externaltools.gnu-tools-for-stm32.13.3.rel1.win32_1.0.0.202411081344/tools/bin/../lib/gcc/arm-none-eabi/13.3.1/../../../../arm-none-eabi/lib/thumb/v7e-m+fp/hard\libc_nano.a(libc_a-memset.o)
                              C:/ST/STM32CubeIDE_1.18.0/STM32CubeIDE/plugins/com.st.stm32cube.ide.mcu.externaltools.gnu-tools-for-stm32.13.3.rel1.win32_1.0.0.202411081344/tools/bin/../lib/gcc/arm-none-eabi/13.3.1/../../../../arm-none-eabi/lib/thumb/v7e-m+fp/hard/crt0.o (memset)
C:/ST/STM32CubeIDE_1.18.0/STM32CubeIDE/plugins/com.st.stm32cube.ide.mcu.externaltools.gnu-tools-for-stm32.13.3.rel1.win32_1.0.0.202411081344/tools/bin/../lib/gcc/arm-none-eabi/13.3.1/../../../../arm-none-eabi/lib/thumb/v7e-m+fp/hard\libc_nano.a(libc_a-strstr.o)
                              ./Core/Src/main.o (strstr)
C:/ST/STM32CubeIDE_1.18.0/STM32CubeIDE/plugins/com.st.stm32cube.ide.mcu.externaltools.gnu-tools-for-stm32.13.3.rel1.win32_1.0.0.202411081344/tools/bin/../lib/gcc/arm-none-eabi/13.3.1/../../../../arm-none-eabi/lib/thumb/v7e-m+fp/hard\libc_nano.a(libc_a-localeconv.o)
[...]
Memory Configuration

Name             Origin             Length             Attributes
RAM              0x20000000         0x0000a000         xrw
RAM2             0x10000000         0x00002000         xrw
FLASH            0x08000000         0x00010000         xr
*default*        0x00000000         0xffffffff

Linker script and memory map

LOAD C:/ST/STM32CubeIDE_1.18.0/STM32CubeIDE/plugins/com.st.stm32cube.ide.mcu.externaltools.gnu-tools-for-stm32.13.3.rel1.win32_1.0.0.202411081344/tools/bin/../lib/gcc/arm-none-eabi/13.3.1/thumb/v7e-m+fp/hard/crti.o
LOAD C:/ST/STM32CubeIDE_1.18.0/STM32CubeIDE/plugins/com.st.stm32cube.ide.mcu.externaltools.gnu-tools-for-stm32.13.3.rel1.win32_1.0.0.202411081344/tools/bin/../lib/gcc/arm-none-eabi/13.3.1/thumb/v7e-m+fp/hard/crtbegin.o
LOAD C:/ST/STM32CubeIDE_1.18.0/STM32CubeIDE/plugins/com.st.stm32cube.ide.mcu.externaltools.gnu-tools-for-stm32.13.3.rel1.win32_1.0.0.202411081344/tools/bin/../lib/gcc/arm-none-eabi/13.3.1/../../../../arm-none-eabi/lib/thumb/v7e-m+fp/hard/crt0.o
LOAD ./Core/DataLogger/app/app_DataLogger/src/app_DataLogger.o
LOAD ./Core/DataLogger/app/app_callback/appcb_GPIO/src/appcb_GPIO.o
LOAD ./Core/DataLogger/app/app_callback/appcb_RTC/src/appcb_RTC.o
LOAD ./Core/DataLogger/hal/hal_BME280/src/hal_BME280.o
LOAD ./Core/DataLogger/hal/hal_EEPROM/src/hal_EEPROM.o
LOAD ./Core/DataLogger/hal/hal_PC/src/hal_PC.o
LOAD ./Core/DataLogger/hal/hal_RTC/src/hal_RTC.o
LOAD ./Core/DataLogger/hal/hal_Switch/src/hal_Switch.o
LOAD ./Core/DataLogger/mcal/mcal_Isr/mcal_GPIO_Isr/src/mcal_GPIO_Isr.o
LOAD ./Core/DataLogger/mcal/mcal_Isr/mcal_RTC_Isr/src/mcal_RTC_Isr.o
LOAD ./Core/Src/main.o
LOAD ./Core/Src/stm32l4xx_hal_msp.o
LOAD ./Core/Src/stm32l4xx_it.o
LOAD ./Core/Src/syscalls.o
LOAD ./Core/Src/sysmem.o
LOAD ./Core/Src/system_stm32l4xx.o
LOAD ./Core/Startup/startup_stm32l412c8tx.o
LOAD ./Drivers/STM32L4xx_HAL_Driver/Src/stm32l4xx_hal.o
LOAD ./Drivers/STM32L4xx_HAL_Driver/Src/stm32l4xx_hal_cortex.o
LOAD ./Drivers/STM32L4xx_HAL_Driver/Src/stm32l4xx_hal_dma.o
LOAD ./Drivers/STM32L4xx_HAL_Driver/Src/stm32l4xx_hal_dma_ex.o
LOAD ./Drivers/STM32L4xx_HAL_Driver/Src/stm32l4xx_hal_exti.o
LOAD ./Drivers/STM32L4xx_HAL_Driver/Src/stm32l4xx_hal_flash.o
LOAD ./Drivers/STM32L4xx_HAL_Driver/Src/stm32l4xx_hal_flash_ex.o
LOAD ./Drivers/STM32L4xx_HAL_Driver/Src/stm32l4xx_hal_flash_ramfunc.o
LOAD ./Drivers/STM32L4xx_HAL_Driver/Src/stm32l4xx_hal_gpio.o
LOAD ./Drivers/STM32L4xx_HAL_Driver/Src/stm32l4xx_hal_i2c.o
LOAD ./Drivers/STM32L4xx_HAL_Driver/Src/stm32l4xx_hal_i2c_ex.o
LOAD ./Drivers/STM32L4xx_HAL_Driver/Src/stm32l4xx_hal_pcd.o
LOAD ./Drivers/STM32L4xx_HAL_Driver/Src/stm32l4xx_hal_pcd_ex.o
LOAD ./Drivers/STM32L4xx_HAL_Driver/Src/stm32l4xx_hal_pwr.o
LOAD ./Drivers/STM32L4xx_HAL_Driver/Src/stm32l4xx_hal_pwr_ex.o
LOAD ./Drivers/STM32L4xx_HAL_Driver/Src/stm32l4xx_hal_rcc.o
LOAD ./Drivers/STM32L4xx_HAL_Driver/Src/stm32l4xx_hal_rcc_ex.o
LOAD ./Drivers/STM32L4xx_HAL_Driver/Src/stm32l4xx_hal_rtc.o
LOAD ./Drivers/STM32L4xx_HAL_Driver/Src/stm32l4xx_hal_rtc_ex.o
LOAD ./Drivers/STM32L4xx_HAL_Driver/Src/stm32l4xx_ll_usb.o
LOAD ./Middlewares/ST/STM32_USB_Device_Library/Class/CDC/Src/usbd_cdc.o
LOAD ./Middlewares/ST/STM32_USB_Device_Library/Core/Src/usbd_core.o
LOAD ./Middlewares/ST/STM32_USB_Device_Library/Core/Src/usbd_ctlreq.o
LOAD ./Middlewares/ST/STM32_USB_Device_Library/Core/Src/usbd_ioreq.o
LOAD ./USB_DEVICE/App/usb_device.o
LOAD ./USB_DEVICE/App/usbd_cdc_if.o
LOAD ./USB_DEVICE/App/usbd_desc.o
LOAD ./USB_DEVICE/Target/usbd_conf.o
START GROUP
LOAD C:/ST/STM32CubeIDE_1.18.0/STM32CubeIDE/plugins/com.st.stm32cube.ide.mcu.externaltools.gnu-tools-for-stm32.13.3.rel1.win32_1.0.0.202411081344/tools/bin/../lib/gcc/arm-none-eabi/13.3.1/../../../../arm-none-eabi/lib/thumb/v7e-m+fp/hard\libc_nano.a
LOAD C:/ST/STM32CubeIDE_1.18.0/STM32CubeIDE/plugins/com.st.stm32cube.ide.mcu.externaltools.gnu-tools-for-stm32.13.3.rel1.win32_1.0.0.202411081344/tools/bin/../lib/gcc/arm-none-eabi/13.3.1/../../../../arm-none-eabi/lib/thumb/v7e-m+fp/hard\libm.a
END GROUP
START GROUP
LOAD C:/ST/STM32CubeIDE_1.18.0/STM32CubeIDE/plugins/com.st.stm32cube.ide.mcu.externaltools.gnu-tools-for-stm32.13.3.rel1.win32_1.0.0.202411081344/tools/bin/../lib/gcc/arm-none-eabi/13.3.1/thumb/v7e-m+fp/hard\libgcc.a
LOAD C:/ST/STM32CubeIDE_1.18.0/STM32CubeIDE/plugins/com.st.stm32cube.ide.mcu.externaltools.gnu-tools-for-stm32.13.3.rel1.win32_1.0.0.202411081344/tools/bin/../lib/gcc/arm-none-eabi/13.3.1/../../../../arm-none-eabi/lib/thumb/v7e-m+fp/hard\libc_nano.a
END GROUP
START GROUP
LOAD C:/ST/STM32CubeIDE_1.18.0/STM32CubeIDE/plugins/com.st.stm32cube.ide.mcu.externaltools.gnu-tools-for-stm32.13.3.rel1.win32_1.0.0.202411081344/tools/bin/../lib/gcc/arm-none-eabi/13.3.1/thumb/v7e-m+fp/hard\libgcc.a
LOAD C:/ST/STM32CubeIDE_1.18.0/STM32CubeIDE/plugins/com.st.stm32cube.ide.mcu.externaltools.gnu-tools-for-stm32.13.3.rel1.win32_1.0.0.202411081344/tools/bin/../lib/gcc/arm-none-eabi/13.3.1/../../../../arm-none-eabi/lib/thumb/v7e-m+fp/hard\libc_nano.a
LOAD C:/ST/STM32CubeIDE_1.18.0/STM32CubeIDE/plugins/com.st.stm32cube.ide.mcu.externaltools.gnu-tools-for-stm32.13.3.rel1.win32_1.0.0.202411081344/tools/bin/../lib/gcc/arm-none-eabi/13.3.1/../../../../arm-none-eabi/lib/thumb/v7e-m+fp/hard\libnosys.a
END GROUP
START GROUP
LOAD C:/ST/STM32CubeIDE_1.18.0/STM32CubeIDE/plugins/com.st.stm32cube.ide.mcu.externaltools.gnu-tools-for-stm32.13.3.rel1.win32_1.0.0.202411081344/tools/bin/../lib/gcc/arm-none-eabi/13.3.1/thumb/v7e-m+fp/hard\libgcc.a
LOAD C:/ST/STM32CubeIDE_1.18.0/STM32CubeIDE/plugins/com.st.stm32cube.ide.mcu.externaltools.gnu-tools-for-stm32.13.3.rel1.win32_1.0.0.202411081344/tools/bin/../lib/gcc/arm-none-eabi/13.3.1/../../../../arm-none-eabi/lib/thumb/v7e-m+fp/hard\libc_nano.a
LOAD C:/ST/STM32CubeIDE_1.18.0/STM32CubeIDE/plugins/com.st.stm32cube.ide.mcu.externaltools.gnu-tools-for-stm32.13.3.rel1.win32_1.0.0.202411081344/tools/bin/../lib/gcc/arm-none-eabi/13.3.1/../../../../arm-none-eabi/lib/thumb/v7e-m+fp/hard\libnosys.a
END GROUP
LOAD C:/ST/STM32CubeIDE_1.18.0/STM32CubeIDE/plugins/com.st.stm32cube.ide.mcu.externaltools.gnu-tools-for-stm32.13.3.rel1.win32_1.0.0.202411081344/tools/bin/../lib/gcc/arm-none-eabi/13.3.1/thumb/v7e-m+fp/hard/crtend.o
LOAD C:/ST/STM32CubeIDE_1.18.0/STM32CubeIDE/plugins/com.st.stm32cube.ide.mcu.externaltools.gnu-tools-for-stm32.13.3.rel1.win32_1.0.0.202411081344/tools/bin/../lib/gcc/arm-none-eabi/13.3.1/thumb/v7e-m+fp/hard/crtn.o
                0x2000a000                        _estack = (ORIGIN (RAM) + LENGTH (RAM))
                0x00000200                        _Min_Heap_Size = 0x200
                0x00000400                        _Min_Stack_Size = 0x400

.isr_vector     0x08000000      0x18c
                0x08000000                        . = ALIGN (0x4)
 *(.isr_vector)
 .isr_vector    0x08000000      0x18c ./Core/Startup/startup_stm32l412c8tx.o
                0x08000000                g_pfnVectors
                0x0800018c                        . = ALIGN (0x4)

.text           0x08000190     0xdcbc
                0x08000190                        . = ALIGN (0x4)
 *(.text)
 .text          0x08000190       0x40 C:/ST/STM32CubeIDE_1.18.0/STM32CubeIDE/plugins/com.st.stm32cube.ide.mcu.externaltools.gnu-tools-for-stm32.13.3.rel1.win32_1.0.0.202411081344/tools/bin/../lib/gcc/arm-none-eabi/13.3.1/thumb/v7e-m+fp/hard/crtbegin.o
 .text          0x080001d0       0xa0 C:/ST/STM32CubeIDE_1.18.0/STM32CubeIDE/plugins/com.st.stm32cube.ide.mcu.externaltools.gnu-tools-for-stm32.13.3.rel1.win32_1.0.0.202411081344/tools/bin/../lib/gcc/arm-none-eabi/13.3.1/../../../../arm-none-eabi/lib/thumb/v7e-m+fp/hard\libc_nano.a(libc_a-memchr.o)
                0x080001d0                memchr
 .text          0x08000270       0x10 C:/ST/STM32CubeIDE_1.18.0/STM32CubeIDE/plugins/com.st.stm32cube.ide.mcu.externaltools.gnu-tools-for-stm32.13.3.rel1.win32_1.0.0.202411081344/tools/bin/../lib/gcc/arm-none-eabi/13.3.1/../../../../arm-none-eabi/lib/thumb/v7e-m+fp/hard\libc_nano.a(libc_a-strlen.o)
                0x08000270                strlen
 .text          0x08000280      0x378 C:/ST/STM32CubeIDE_1.18.0/STM32CubeIDE/plugins/com.st.stm32cube.ide.mcu.externaltools.gnu-tools-for-stm32.13.3.rel1.win32_1.0.0.202411081344/tools/bin/../lib/gcc/arm-none-eabi/13.3.1/thumb/v7e-m+fp/hard\libgcc.a(_arm_addsubdf3.o)
                0x08000280                __aeabi_drsub
                0x08000288                __aeabi_dsub
                0x08000288                __subdf3
                0x0800028c                __aeabi_dadd
                0x0800028c                __adddf3
                0x08000504                __floatunsidf
                0x08000504                __aeabi_ui2d
                0x08000524                __floatsidf
                0x08000524                __aeabi_i2d
                0x08000548                __aeabi_f2d
                0x08000548                __extendsfdf2
                0x0800058c                __floatundidf
                0x0800058c                __aeabi_ul2d
                0x0800059c                __floatdidf
                0x0800059c                __aeabi_l2d
 .text          0x080005f8      0x424 C:/ST/STM32CubeIDE_1.18.0/STM32CubeIDE/plugins/com.st.stm32cube.ide.mcu.externaltools.gnu-tools-for-stm32.13.3.rel1.win32_1.0.0.202411081344/tools/bin/../lib/gcc/arm-none-eabi/13.3.1/thumb/v7e-m+fp/hard\libgcc.a(_arm_muldivdf3.o)
                0x080005f8                __aeabi_dmul
                0x080005f8                __muldf3
                0x0800084c                __divdf3
                0x0800084c                __aeabi_ddiv
 .text          0x08000a1c      0x110 C:/ST/STM32CubeIDE_1.18.0/STM32CubeIDE/plugins/com.st.stm32cube.ide.mcu.externaltools.gnu-tools-for-stm32.13.3.rel1.win32_1.0.0.202411081344/tools/bin/../lib/gcc/arm-none-eabi/13.3.1/thumb/v7e-m+fp/hard\libgcc.a(_arm_cmpdf2.o)
                0x08000a1c                __gtdf2
                0x08000a1c                __gedf2
                0x08000a24                __ltdf2
                0x08000a24                __ledf2
                0x08000a2c                __nedf2
                0x08000a2c                __eqdf2
                0x08000a2c                __cmpdf2
                0x08000aa8                __aeabi_cdrcmple
                0x08000ab8                __aeabi_cdcmpeq
                0x08000ab8                __aeabi_cdcmple
                0x08000ac8                __aeabi_dcmpeq
                0x08000adc                __aeabi_dcmplt
                0x08000af0                __aeabi_dcmple
                0x08000b04                __aeabi_dcmpge
                0x08000b18                __aeabi_dcmpgt
 .text          0x08000b2c       0x2c C:/ST/STM32CubeIDE_1.18.0/STM32CubeIDE/plugins/com.st.stm32cube.ide.mcu.externaltools.gnu-tools-for-stm32.13.3.rel1.win32_1.0.0.202411081344/tools/bin/../lib/gcc/arm-none-eabi/13.3.1/thumb/v7e-m+fp/hard\libgcc.a(_arm_unorddf2.o)
                0x08000b2c                __unorddf2
                0x08000b2c                __aeabi_dcmpun
 .text          0x08000b58       0x50 C:/ST/STM32CubeIDE_1.18.0/STM32CubeIDE/plugins/com.st.stm32cube.ide.mcu.externaltools.gnu-tools-for-stm32.13.3.rel1.win32_1.0.0.202411081344/tools/bin/../lib/gcc/arm-none-eabi/13.3.1/thumb/v7e-m+fp/hard\libgcc.a(_arm_fixdfsi.o)
                0x08000b58                __aeabi_d2iz
                0x08000b58                __fixdfsi
 .text          0x08000ba8       0xa0 C:/ST/STM32CubeIDE_1.18.0/STM32CubeIDE/plugins/com.st.stm32cube.ide.mcu.externaltools.gnu-tools-for-stm32.13.3.rel1.win32_1.0.0.202411081344/tools/bin/../lib/gcc/arm-none-eabi/13.3.1/thumb/v7e-m+fp/hard\libgcc.a(_arm_truncdfsf2.o)
                0x08000ba8                __truncdfsf2
                0x08000ba8                __aeabi_d2f
 *(.text*)
 .text.APP_GPIO_EXTI_Callback
                0x08000c48       0x38 ./Core/DataLogger/app/app_callback/appcb_GPIO/src/appcb_GPIO.o
                0x08000c48                APP_GPIO_EXTI_Callback
 .text.APP_RTC_WakeUpCallback
                0x08000c80        0xc ./Core/DataLogger/app/app_callback/appcb_RTC/src/appcb_RTC.o
                0x08000c80                APP_RTC_WakeUpCallback
 .text.HAL_BME280_TrimmingRead
                0x08000c8c      0x1f8 ./Core/DataLogger/hal/hal_BME280/src/hal_BME280.o
                0x08000c8c                HAL_BME280_TrimmingRead
 .text.HAL_BME280_SensorConfig
                0x08000e84      0x1d0 ./Core/DataLogger/hal/hal_BME280/src/hal_BME280.o
                0x08000e84                HAL_BME280_SensorConfig
 .text.HAL_BME280_ReadRawData
                0x08001054       0xa0 ./Core/DataLogger/hal/hal_BME280/src/hal_BME280.o
                0x08001054                HAL_BME280_ReadRawData
 .text.HAL_BME280_WakeUPSensor
                0x080010f4       0x64 ./Core/DataLogger/hal/hal_BME280/src/hal_BME280.o
                0x080010f4                HAL_BME280_WakeUPSensor
 .text.HAL_BME280_Measure
                0x08001158       0xd4 ./Core/DataLogger/hal/hal_BME280/src/hal_BME280.o
                0x08001158                HAL_BME280_Measure
 .text.HAL_BME280_compensate_T_int32
                0x0800122c       0x84 ./Core/DataLogger/hal/hal_BME280/src/hal_BME280.o
                0x0800122c                HAL_BME280_compensate_T_int32
 .text.HAL_BME280_compensate_H_int32
                0x080012b0       0xd8 ./Core/DataLogger/hal/hal_BME280/src/hal_BME280.o
                0x080012b0                HAL_BME280_compensate_H_int32
 .text.HAL_EEPROM_WriteByte
                0x08001388       0x4c ./Core/DataLogger/hal/hal_EEPROM/src/hal_EEPROM.o
                0x08001388                HAL_EEPROM_WriteByte
 .text.HAL_EEPROM_WritePage
                0x080013d4       0x74 ./Core/DataLogger/hal/hal_EEPROM/src/hal_EEPROM.o
                0x080013d4                HAL_EEPROM_WritePage
 .text.HAL_EEPROM_ReadByte
                0x08001448       0x48 ./Core/DataLogger/hal/hal_EEPROM/src/hal_EEPROM.o
                0x08001448                HAL_EEPROM_ReadByte
 .text.HAL_EEPROM_ReadPage
                0x08001490       0x74 ./Core/DataLogger/hal/hal_EEPROM/src/hal_EEPROM.o
                0x08001490                HAL_EEPROM_ReadPage
 .text.HAL_EEPROM_Write
                0x08001504       0x4c ./Core/DataLogger/hal/hal_EEPROM/src/hal_EEPROM.o
                0x08001504                HAL_EEPROM_Write
 .text.HAL_EEPROM_Read
                0x08001550       0x4c ./Core/DataLogger/hal/hal_EEPROM/src/hal_EEPROM.o
                0x08001550                HAL_EEPROM_Read
 .text.HAL_EEPROM_SaveLastAddress
                0x0800159c       0x48 ./Core/DataLogger/hal/hal_EEPROM/src/hal_EEPROM.o
                0x0800159c                HAL_EEPROM_SaveLastAddress
 .text.HAL_EEPROM_LoadLastAddress
                0x080015e4       0x4c ./Core/DataLogger/hal/hal_EEPROM/src/hal_EEPROM.o
                0x080015e4                HAL_EEPROM_LoadLastAddress
 .text.HAL_EEPROM_Write_DateTime
                0x08001630       0xf8 ./Core/DataLogger/hal/hal_EEPROM/src/hal_EEPROM.o
                0x08001630                HAL_EEPROM_Write_DateTime
 .text.HAL_EEPROM_Stream_Data
                0x08001728       0xd0 ./Core/DataLogger/hal/hal_EEPROM/src/hal_EEPROM.o
                0x08001728                HAL_EEPROM_Stream_Data
 .text.HAL_PC_read
                0x080017f8       0x2c ./Core/DataLogger/hal/hal_PC/src/hal_PC.o
                0x080017f8                HAL_PC_read
 .text.HAL_PC_write
                0x08001824       0x32 ./Core/DataLogger/hal/hal_PC/src/hal_PC.o
                0x08001824                HAL_PC_write
 .text.HAL_RTC_init
                0x08001856       0x1c ./Core/DataLogger/hal/hal_RTC/src/hal_RTC.o
                0x08001856                HAL_RTC_init
 *fill*         0x08001872        0x2 
 .text.HAL_RTC_Get_TimeDate
                0x08001874       0x34 ./Core/DataLogger/hal/hal_RTC/src/hal_RTC.o
                0x08001874                HAL_RTC_Get_TimeDate
 .text.HAL_RTC_SetWakeUpTime
                0x080018a8       0x40 ./Core/DataLogger/hal/hal_RTC/src/hal_RTC.o
                0x080018a8                HAL_RTC_SetWakeUpTime
 .text.HAL_Switch_Init
                0x080018e8       0x28 ./Core/DataLogger/hal/hal_Switch/src/hal_Switch.o
                0x080018e8                HAL_Switch_Init
 .text.MCAL_ISR_GPIO_EXTICallback
                0x08001910       0x20 ./Core/DataLogger/mcal/mcal_Isr/mcal_GPIO_Isr/src/mcal_GPIO_Isr.o
                0x08001910                MCAL_ISR_GPIO_EXTICallback
 .text.HAL_GPIO_EXTI_Callback
                0x08001930       0x24 ./Core/DataLogger/mcal/mcal_Isr/mcal_GPIO_Isr/src/mcal_GPIO_Isr.o
                0x08001930                HAL_GPIO_EXTI_Callback
 .text.MCAL_ISR_RTC_WakeUpCallback
                0x08001954       0x20 ./Core/DataLogger/mcal/mcal_Isr/mcal_RTC_Isr/src/mcal_RTC_Isr.o
                0x08001954                MCAL_ISR_RTC_WakeUpCallback
 .text.HAL_RTCEx_WakeUpTimerEventCallback
                0x08001974       0x24 ./Core/DataLogger/mcal/mcal_Isr/mcal_RTC_Isr/src/mcal_RTC_Isr.o
                0x08001974                HAL_RTCEx_WakeUpTimerEventCallback
 .text.main     0x08001998      0x158 ./Core/Src/main.o
                0x08001998                main
 .text.SystemClock_Config
                0x08001af0       0x9e ./Core/Src/main.o
                0x08001af0                SystemClock_Config
 *fill*         0x08001b8e        0x2 
 .text.MX_I2C1_Init
                0x08001b90       0x80 ./Core/Src/main.o
 .text.MX_I2C2_Init
                0x08001c10       0x80 ./Core/Src/main.o
 .text.MX_RTC_Init
                0x08001c90       0xd8 ./Core/Src/main.o
 .text.MX_GPIO_Init
                0x08001d68       0x9c ./Core/Src/main.o
 .text.Error_Handler
                0x08001e04        0xc ./Core/Src/main.o
                0x08001e04                Error_Handler
 .text.HAL_MspInit
                0x08001e10       0x48 ./Core/Src/stm32l4xx_hal_msp.o
                0x08001e10                HAL_MspInit
 .text.HAL_I2C_MspInit
                0x08001e58      0x134 ./Core/Src/stm32l4xx_hal_msp.o
                0x08001e58                HAL_I2C_MspInit
 .text.HAL_RTC_MspInit
                0x08001f8c       0x70 ./Core/Src/stm32l4xx_hal_msp.o
                0x08001f8c                HAL_RTC_MspInit
 .text.NMI_Handler
                0x08001ffc        0x8 ./Core/Src/stm32l4xx_it.o
                0x08001ffc                NMI_Handler
 .text.HardFault_Handler
                0x08002004        0x8 ./Core/Src/stm32l4xx_it.o
                0x08002004                HardFault_Handler
 .text.MemManage_Handler
                0x0800200c        0x8 ./Core/Src/stm32l4xx_it.o
                0x0800200c                MemManage_Handler
 .text.BusFault_Handler
                0x08002014        0x8 ./Core/Src/stm32l4xx_it.o
                0x08002014                BusFault_Handler
 .text.UsageFault_Handler
                0x0800201c        0x8 ./Core/Src/stm32l4xx_it.o
                0x0800201c                UsageFault_Handler
 .text.SVC_Handler
                0x08002024        0xe ./Core/Src/stm32l4xx_it.o
                0x08002024                SVC_Handler
 .text.DebugMon_Handler
                0x08002032        0xe ./Core/Src/stm32l4xx_it.o
                0x08002032                DebugMon_Handler
 .text.PendSV_Handler
                0x08002040        0xe ./Core/Src/stm32l4xx_it.o
                0x08002040                PendSV_Handler
 .text.SysTick_Handler
                0x0800204e        0xc ./Core/Src/stm32l4xx_it.o
                0x0800204e                SysTick_Handler
 *fill*         0x0800205a        0x2 
 .text.RTC_WKUP_IRQHandler
                0x0800205c       0x14 ./Core/Src/stm32l4xx_it.o
                0x0800205c                RTC_WKUP_IRQHandler
 .text.EXTI9_5_IRQHandler
                0x08002070       0x10 ./Core/Src/stm32l4xx_it.o
                0x08002070                EXTI9_5_IRQHandler
 .text.USB_IRQHandler
                0x08002080       0x14 ./Core/Src/stm32l4xx_it.o
                0x08002080                USB_IRQHandler
 .text._getpid  0x08002094       0x10 ./Core/Src/syscalls.o
                0x08002094                _getpid
 .text._kill    0x080020a4       0x20 ./Core/Src/syscalls.o
                0x080020a4                _kill
 .text._exit    0x080020c4       0x16 ./Core/Src/syscalls.o
                0x080020c4                _exit
 .text._read    0x080020da       0x3a ./Core/Src/syscalls.o
                0x080020da                _read
 .text._write   0x08002114       0x38 ./Core/Src/syscalls.o
                0x08002114                _write
 .text._close   0x0800214c       0x18 ./Core/Src/syscalls.o
                0x0800214c                _close
 .text._fstat   0x08002164       0x20 ./Core/Src/syscalls.o
                0x08002164                _fstat
 .text._isatty  0x08002184       0x16 ./Core/Src/syscalls.o
                0x08002184                _isatty
 .text._lseek   0x0800219a       0x1a ./Core/Src/syscalls.o
                0x0800219a                _lseek
 .text._sbrk    0x080021b4       0x6c ./Core/Src/sysmem.o
                0x080021b4                _sbrk
 .text.SystemInit
                0x08002220       0x24 ./Core/Src/system_stm32l4xx.o
                0x08002220                SystemInit
 .text.Reset_Handler
                0x08002244       0x50 ./Core/Startup/startup_stm32l412c8tx.o
                0x08002244                Reset_Handler
 .text.Default_Handler
                0x08002294        0x2 ./Core/Startup/startup_stm32l412c8tx.o
                0x08002294                RTC_Alarm_IRQHandler
                0x08002294                EXTI2_IRQHandler
                0x08002294                TIM1_CC_IRQHandler
                0x08002294                TSC_IRQHandler
                0x08002294                TIM6_IRQHandler
                0x08002294                TAMP_STAMP_IRQHandler
                0x08002294                EXTI3_IRQHandler
                0x08002294                LPTIM2_IRQHandler
                0x08002294                I2C3_ER_IRQHandler
                0x08002294                EXTI0_IRQHandler
                0x08002294                I2C2_EV_IRQHandler
                0x08002294                FPU_IRQHandler
                0x08002294                TIM1_UP_TIM16_IRQHandler
                0x08002294                ADC1_2_IRQHandler
                0x08002294                SPI1_IRQHandler
                0x08002294                DMA2_Channel2_IRQHandler
                0x08002294                DMA1_Channel4_IRQHandler
                0x08002294                USART3_IRQHandler
                0x08002294                DMA1_Channel7_IRQHandler
                0x08002294                DMA2_Channel1_IRQHandler
                0x08002294                QUADSPI_IRQHandler
                0x08002294                I2C1_EV_IRQHandler
                0x08002294                DMA1_Channel6_IRQHandler
                0x08002294                DMA2_Channel4_IRQHandler
                0x08002294                RCC_IRQHandler
                0x08002294                TIM1_TRG_COM_IRQHandler
                0x08002294                DMA1_Channel1_IRQHandler
                0x08002294                Default_Handler
                0x08002294                DMA2_Channel7_IRQHandler
                0x08002294                EXTI15_10_IRQHandler
                0x08002294                I2C3_EV_IRQHandler
                0x08002294                PVD_PVM_IRQHandler
                0x08002294                SPI2_IRQHandler
                0x08002294                DMA2_Channel5_IRQHandler
                0x08002294                CRS_IRQHandler
                0x08002294                DMA1_Channel5_IRQHandler
                0x08002294                EXTI4_IRQHandler
                0x08002294                RNG_IRQHandler
                0x08002294                DMA1_Channel3_IRQHandler
                0x08002294                COMP_IRQHandler
                0x08002294                WWDG_IRQHandler
                0x08002294                LPUART1_IRQHandler
                0x08002294                DMA2_Channel6_IRQHandler
                0x08002294                TIM2_IRQHandler
                0x08002294                EXTI1_IRQHandler
                0x08002294                USART2_IRQHandler
                0x08002294                I2C2_ER_IRQHandler
                0x08002294                DMA1_Channel2_IRQHandler
                0x08002294                FLASH_IRQHandler
                0x08002294                USART1_IRQHandler
                0x08002294                I2C1_ER_IRQHandler
                0x08002294                LPTIM1_IRQHandler
                0x08002294                DMA2_Channel3_IRQHandler
                0x08002294                TIM1_BRK_TIM15_IRQHandler
 .text.HAL_Init
                0x08002296       0x30 ./Drivers/STM32L4xx_HAL_Driver/Src/stm32l4xx_hal.o
                0x08002296                HAL_Init
 *fill*         0x080022c6        0x2 
 .text.HAL_InitTick
                0x080022c8       0x78 ./Drivers/STM32L4xx_HAL_Driver/Src/stm32l4xx_hal.o
                0x080022c8                HAL_InitTick
 .text.HAL_IncTick
                0x08002340       0x28 ./Drivers/STM32L4xx_HAL_Driver/Src/stm32l4xx_hal.o
                0x08002340                HAL_IncTick
 .text.HAL_GetTick
                0x08002368       0x18 ./Drivers/STM32L4xx_HAL_Driver/Src/stm32l4xx_hal.o
                0x08002368                HAL_GetTick
 .text.HAL_Delay
                0x08002380       0x48 ./Drivers/STM32L4xx_HAL_Driver/Src/stm32l4xx_hal.o
                0x08002380                HAL_Delay
 .text.__NVIC_SetPriorityGrouping
                0x080023c8       0x48 ./Drivers/STM32L4xx_HAL_Driver/Src/stm32l4xx_hal_cortex.o
 .text.__NVIC_GetPriorityGrouping
                0x08002410       0x1c ./Drivers/STM32L4xx_HAL_Driver/Src/stm32l4xx_hal_cortex.o
 .text.__NVIC_EnableIRQ
                0x0800242c       0x3c ./Drivers/STM32L4xx_HAL_Driver/Src/stm32l4xx_hal_cortex.o
 .text.__NVIC_SetPriority
                0x08002468       0x54 ./Drivers/STM32L4xx_HAL_Driver/Src/stm32l4xx_hal_cortex.o
 .text.NVIC_EncodePriority
                0x080024bc       0x66 ./Drivers/STM32L4xx_HAL_Driver/Src/stm32l4xx_hal_cortex.o
 *fill*         0x08002522        0x2 
 .text.SysTick_Config
                0x08002524       0x44 ./Drivers/STM32L4xx_HAL_Driver/Src/stm32l4xx_hal_cortex.o
 .text.HAL_NVIC_SetPriorityGrouping
                0x08002568       0x16 ./Drivers/STM32L4xx_HAL_Driver/Src/stm32l4xx_hal_cortex.o
                0x08002568                HAL_NVIC_SetPriorityGrouping
 .text.HAL_NVIC_SetPriority
                0x0800257e       0x38 ./Drivers/STM32L4xx_HAL_Driver/Src/stm32l4xx_hal_cortex.o
                0x0800257e                HAL_NVIC_SetPriority
 .text.HAL_NVIC_EnableIRQ
                0x080025b6       0x1c ./Drivers/STM32L4xx_HAL_Driver/Src/stm32l4xx_hal_cortex.o
                0x080025b6                HAL_NVIC_EnableIRQ
 .text.HAL_SYSTICK_Config
                0x080025d2       0x18 ./Drivers/STM32L4xx_HAL_Driver/Src/stm32l4xx_hal_cortex.o
                0x080025d2                HAL_SYSTICK_Config
 *fill*         0x080025ea        0x2 
 .text.HAL_GPIO_Init
                0x080025ec      0x2e4 ./Drivers/STM32L4xx_HAL_Driver/Src/stm32l4xx_hal_gpio.o
                0x080025ec                HAL_GPIO_Init
 .text.HAL_GPIO_EXTI_IRQHandler
                0x080028d0       0x30 ./Drivers/STM32L4xx_HAL_Driver/Src/stm32l4xx_hal_gpio.o
                0x080028d0                HAL_GPIO_EXTI_IRQHandler
 .text.HAL_I2C_Init
                0x08002900      0x136 ./Drivers/STM32L4xx_HAL_Driver/Src/stm32l4xx_hal_i2c.o
                0x08002900                HAL_I2C_Init
 *fill*         0x08002a36        0x2 
 .text.HAL_I2C_Mem_Write
                0x08002a38      0x228 ./Drivers/STM32L4xx_HAL_Driver/Src/stm32l4xx_hal_i2c.o
                0x08002a38                HAL_I2C_Mem_Write
 .text.HAL_I2C_Mem_Read
                0x08002c60      0x234 ./Drivers/STM32L4xx_HAL_Driver/Src/stm32l4xx_hal_i2c.o
                0x08002c60                HAL_I2C_Mem_Read
 .text.I2C_RequestMemoryWrite
                0x08002e94       0xa8 ./Drivers/STM32L4xx_HAL_Driver/Src/stm32l4xx_hal_i2c.o
 .text.I2C_RequestMemoryRead
                0x08002f3c       0xa8 ./Drivers/STM32L4xx_HAL_Driver/Src/stm32l4xx_hal_i2c.o
 .text.I2C_Flush_TXDR
                0x08002fe4       0x48 ./Drivers/STM32L4xx_HAL_Driver/Src/stm32l4xx_hal_i2c.o
 .text.I2C_WaitOnFlagUntilTimeout
                0x0800302c       0xb2 ./Drivers/STM32L4xx_HAL_Driver/Src/stm32l4xx_hal_i2c.o
 .text.I2C_WaitOnTXISFlagUntilTimeout
                0x080030de       0x8e ./Drivers/STM32L4xx_HAL_Driver/Src/stm32l4xx_hal_i2c.o
 .text.I2C_WaitOnSTOPFlagUntilTimeout
                0x0800316c       0x86 ./Drivers/STM32L4xx_HAL_Driver/Src/stm32l4xx_hal_i2c.o
 *fill*         0x080031f2        0x2 
 .text.I2C_IsErrorOccurred
                0x080031f4      0x1c0 ./Drivers/STM32L4xx_HAL_Driver/Src/stm32l4xx_hal_i2c.o
 .text.I2C_TransferConfig
                0x080033b4       0x64 ./Drivers/STM32L4xx_HAL_Driver/Src/stm32l4xx_hal_i2c.o
 .text.HAL_I2CEx_ConfigAnalogFilter
                0x08003418       0x96 ./Drivers/STM32L4xx_HAL_Driver/Src/stm32l4xx_hal_i2c_ex.o
                0x08003418                HAL_I2CEx_ConfigAnalogFilter
 .text.HAL_I2CEx_ConfigDigitalFilter
                0x080034ae       0x98 ./Drivers/STM32L4xx_HAL_Driver/Src/stm32l4xx_hal_i2c_ex.o
                0x080034ae                HAL_I2CEx_ConfigDigitalFilter
 .text.HAL_PCD_Init
                0x08003546      0x1fa ./Drivers/STM32L4xx_HAL_Driver/Src/stm32l4xx_hal_pcd.o
                0x08003546                HAL_PCD_Init
 .text.HAL_PCD_Start
                0x08003740       0x44 ./Drivers/STM32L4xx_HAL_Driver/Src/stm32l4xx_hal_pcd.o
                0x08003740                HAL_PCD_Start
 .text.HAL_PCD_IRQHandler
                0x08003784      0x24e ./Drivers/STM32L4xx_HAL_Driver/Src/stm32l4xx_hal_pcd.o
                0x08003784                HAL_PCD_IRQHandler
 .text.HAL_PCD_SetAddress
                0x080039d2       0x48 ./Drivers/STM32L4xx_HAL_Driver/Src/stm32l4xx_hal_pcd.o
                0x080039d2                HAL_PCD_SetAddress
 .text.HAL_PCD_EP_Open
                0x08003a1a       0xbe ./Drivers/STM32L4xx_HAL_Driver/Src/stm32l4xx_hal_pcd.o
                0x08003a1a                HAL_PCD_EP_Open
 .text.HAL_PCD_EP_Close
                0x08003ad8       0x90 ./Drivers/STM32L4xx_HAL_Driver/Src/stm32l4xx_hal_pcd.o
                0x08003ad8                HAL_PCD_EP_Close
 .text.HAL_PCD_EP_Receive
                0x08003b68       0x62 ./Drivers/STM32L4xx_HAL_Driver/Src/stm32l4xx_hal_pcd.o
                0x08003b68                HAL_PCD_EP_Receive
 .text.HAL_PCD_EP_GetRxCount
                0x08003bca       0x30 ./Drivers/STM32L4xx_HAL_Driver/Src/stm32l4xx_hal_pcd.o
                0x08003bca                HAL_PCD_EP_GetRxCount
 .text.HAL_PCD_EP_Transmit
                0x08003bfa       0x6e ./Drivers/STM32L4xx_HAL_Driver/Src/stm32l4xx_hal_pcd.o
                0x08003bfa                HAL_PCD_EP_Transmit
 .text.HAL_PCD_EP_SetStall
                0x08003c68       0xc0 ./Drivers/STM32L4xx_HAL_Driver/Src/stm32l4xx_hal_pcd.o
                0x08003c68                HAL_PCD_EP_SetStall
 .text.HAL_PCD_EP_ClrStall
                0x08003d28       0xa8 ./Drivers/STM32L4xx_HAL_Driver/Src/stm32l4xx_hal_pcd.o
                0x08003d28                HAL_PCD_EP_ClrStall
 .text.PCD_EP_ISR_Handler
                0x08003dd0      0x68e ./Drivers/STM32L4xx_HAL_Driver/Src/stm32l4xx_hal_pcd.o
 .text.HAL_PCD_EP_DB_Receive
                0x0800445e      0x212 ./Drivers/STM32L4xx_HAL_Driver/Src/stm32l4xx_hal_pcd.o
 .text.HAL_PCD_EP_DB_Transmit
                0x08004670      0x878 ./Drivers/STM32L4xx_HAL_Driver/Src/stm32l4xx_hal_pcd.o
 .text.HAL_PCDEx_PMAConfig
                0x08004ee8       0x86 ./Drivers/STM32L4xx_HAL_Driver/Src/stm32l4xx_hal_pcd_ex.o
                0x08004ee8                HAL_PCDEx_PMAConfig
 .text.HAL_PCDEx_ActivateLPM
                0x08004f6e       0x54 ./Drivers/STM32L4xx_HAL_Driver/Src/stm32l4xx_hal_pcd_ex.o
                0x08004f6e                HAL_PCDEx_ActivateLPM
 .text.HAL_PWR_EnterSTOPMode
                0x08004fc2       0x2e ./Drivers/STM32L4xx_HAL_Driver/Src/stm32l4xx_hal_pwr.o
                0x08004fc2                HAL_PWR_EnterSTOPMode
 .text.HAL_PWREx_GetVoltageRange
                0x08004ff0       0x1c ./Drivers/STM32L4xx_HAL_Driver/Src/stm32l4xx_hal_pwr_ex.o
                0x08004ff0                HAL_PWREx_GetVoltageRange
 .text.HAL_PWREx_ControlVoltageScaling
                0x0800500c       0xac ./Drivers/STM32L4xx_HAL_Driver/Src/stm32l4xx_hal_pwr_ex.o
                0x0800500c                HAL_PWREx_ControlVoltageScaling
 .text.HAL_PWREx_EnableVddUSB
                0x080050b8       0x20 ./Drivers/STM32L4xx_HAL_Driver/Src/stm32l4xx_hal_pwr_ex.o
                0x080050b8                HAL_PWREx_EnableVddUSB
 .text.HAL_PWREx_EnterSTOP0Mode
                0x080050d8       0x54 ./Drivers/STM32L4xx_HAL_Driver/Src/stm32l4xx_hal_pwr_ex.o
                0x080050d8                HAL_PWREx_EnterSTOP0Mode
 .text.HAL_PWREx_EnterSTOP1Mode
                0x0800512c       0x58 ./Drivers/STM32L4xx_HAL_Driver/Src/stm32l4xx_hal_pwr_ex.o
                0x0800512c                HAL_PWREx_EnterSTOP1Mode
 .text.HAL_RCC_OscConfig
                0x08005184      0x8c4 ./Drivers/STM32L4xx_HAL_Driver/Src/stm32l4xx_hal_rcc.o
                0x08005184                HAL_RCC_OscConfig
 .text.HAL_RCC_ClockConfig
                0x08005a48      0x200 ./Drivers/STM32L4xx_HAL_Driver/Src/stm32l4xx_hal_rcc.o
                0x08005a48                HAL_RCC_ClockConfig
 .text.HAL_RCC_GetSysClockFreq
                0x08005c48      0x118 ./Drivers/STM32L4xx_HAL_Driver/Src/stm32l4xx_hal_rcc.o
                0x08005c48                HAL_RCC_GetSysClockFreq
 .text.RCC_SetFlashLatencyFromMSIRange
                0x08005d60       0xc0 ./Drivers/STM32L4xx_HAL_Driver/Src/stm32l4xx_hal_rcc.o
 .text.HAL_RCCEx_PeriphCLKConfig
                0x08005e20      0x30c ./Drivers/STM32L4xx_HAL_Driver/Src/stm32l4xx_hal_rcc_ex.o
                0x08005e20                HAL_RCCEx_PeriphCLKConfig
 .text.HAL_RTC_Init
                0x0800612c      0x120 ./Drivers/STM32L4xx_HAL_Driver/Src/stm32l4xx_hal_rtc.o
                0x0800612c                HAL_RTC_Init
 .text.HAL_RTC_SetTime
                0x0800624c      0x13a ./Drivers/STM32L4xx_HAL_Driver/Src/stm32l4xx_hal_rtc.o
                0x0800624c                HAL_RTC_SetTime
 .text.HAL_RTC_GetTime
                0x08006386       0xb8 ./Drivers/STM32L4xx_HAL_Driver/Src/stm32l4xx_hal_rtc.o
                0x08006386                HAL_RTC_GetTime
 .text.HAL_RTC_SetDate
                0x0800643e      0x10e ./Drivers/STM32L4xx_HAL_Driver/Src/stm32l4xx_hal_rtc.o
                0x0800643e                HAL_RTC_SetDate
 .text.HAL_RTC_GetDate
                0x0800654c       0x9a ./Drivers/STM32L4xx_HAL_Driver/Src/stm32l4xx_hal_rtc.o
                0x0800654c                HAL_RTC_GetDate
 *fill*         0x080065e6        0x2 
 .text.HAL_RTC_WaitForSynchro
                0x080065e8       0x48 ./Drivers/STM32L4xx_HAL_Driver/Src/stm32l4xx_hal_rtc.o
                0x080065e8                HAL_RTC_WaitForSynchro
 .text.RTC_EnterInitMode
                0x08006630       0x6c ./Drivers/STM32L4xx_HAL_Driver/Src/stm32l4xx_hal_rtc.o
                0x08006630                RTC_EnterInitMode
 .text.RTC_ExitInitMode
                0x0800669c       0x7c ./Drivers/STM32L4xx_HAL_Driver/Src/stm32l4xx_hal_rtc.o
                0x0800669c                RTC_ExitInitMode
 .text.RTC_ByteToBcd2
                0x08006718       0x40 ./Drivers/STM32L4xx_HAL_Driver/Src/stm32l4xx_hal_rtc.o
                0x08006718                RTC_ByteToBcd2
 .text.RTC_Bcd2ToByte
                0x08006758       0x34 ./Drivers/STM32L4xx_HAL_Driver/Src/stm32l4xx_hal_rtc.o
                0x08006758                RTC_Bcd2ToByte
 .text.HAL_RTCEx_SetWakeUpTimer_IT
                0x0800678c      0x138 ./Drivers/STM32L4xx_HAL_Driver/Src/stm32l4xx_hal_rtc_ex.o
                0x0800678c                HAL_RTCEx_SetWakeUpTimer_IT
 .text.HAL_RTCEx_WakeUpTimerIRQHandler
                0x080068c4       0x40 ./Drivers/STM32L4xx_HAL_Driver/Src/stm32l4xx_hal_rtc_ex.o
                0x080068c4                HAL_RTCEx_WakeUpTimerIRQHandler
 .text.USB_CoreInit
                0x08006904       0x1c ./Drivers/STM32L4xx_HAL_Driver/Src/stm32l4xx_ll_usb.o
                0x08006904                USB_CoreInit
 .text.USB_EnableGlobalInt
                0x08006920       0x2e ./Drivers/STM32L4xx_HAL_Driver/Src/stm32l4xx_ll_usb.o
                0x08006920                USB_EnableGlobalInt
 .text.USB_DisableGlobalInt
                0x0800694e       0x36 ./Drivers/STM32L4xx_HAL_Driver/Src/stm32l4xx_ll_usb.o
                0x0800694e                USB_DisableGlobalInt
 .text.USB_SetCurrentMode
                0x08006984       0x1a ./Drivers/STM32L4xx_HAL_Driver/Src/stm32l4xx_ll_usb.o
                0x08006984                USB_SetCurrentMode
 .text.USB_DevInit
                0x0800699e       0x3c ./Drivers/STM32L4xx_HAL_Driver/Src/stm32l4xx_ll_usb.o
                0x0800699e                USB_DevInit
 *fill*         0x080069da        0x2 
 .text.USB_ActivateEndpoint
                0x080069dc      0x9d0 ./Drivers/STM32L4xx_HAL_Driver/Src/stm32l4xx_ll_usb.o
                0x080069dc                USB_ActivateEndpoint
 .text.USB_DeactivateEndpoint
                0x080073ac      0x3da ./Drivers/STM32L4xx_HAL_Driver/Src/stm32l4xx_ll_usb.o
                0x080073ac                USB_DeactivateEndpoint
 .text.USB_EPStartXfer
                0x08007786      0xb5e ./Drivers/STM32L4xx_HAL_Driver/Src/stm32l4xx_ll_usb.o
                0x08007786                USB_EPStartXfer
 .text.USB_EPSetStall
                0x080082e4       0xa2 ./Drivers/STM32L4xx_HAL_Driver/Src/stm32l4xx_ll_usb.o
                0x080082e4                USB_EPSetStall
 .text.USB_EPClearStall
                0x08008386      0x152 ./Drivers/STM32L4xx_HAL_Driver/Src/stm32l4xx_ll_usb.o
                0x08008386                USB_EPClearStall
 .text.USB_SetDevAddress
                0x080084d8       0x28 ./Drivers/STM32L4xx_HAL_Driver/Src/stm32l4xx_ll_usb.o
                0x080084d8                USB_SetDevAddress
 .text.USB_DevConnect
                0x08008500       0x2e ./Drivers/STM32L4xx_HAL_Driver/Src/stm32l4xx_ll_usb.o
                0x08008500                USB_DevConnect
 .text.USB_DevDisconnect
                0x0800852e       0x2a ./Drivers/STM32L4xx_HAL_Driver/Src/stm32l4xx_ll_usb.o
                0x0800852e                USB_DevDisconnect
 .text.USB_ReadInterrupts
                0x08008558       0x20 ./Drivers/STM32L4xx_HAL_Driver/Src/stm32l4xx_ll_usb.o
                0x08008558                USB_ReadInterrupts
 .text.USB_EP0_OutStart
                0x08008578       0x18 ./Drivers/STM32L4xx_HAL_Driver/Src/stm32l4xx_ll_usb.o
                0x08008578                USB_EP0_OutStart
 .text.USB_WritePMA
                0x08008590       0x86 ./Drivers/STM32L4xx_HAL_Driver/Src/stm32l4xx_ll_usb.o
                0x08008590                USB_WritePMA
 .text.USB_ReadPMA
                0x08008616       0x98 ./Drivers/STM32L4xx_HAL_Driver/Src/stm32l4xx_ll_usb.o
                0x08008616                USB_ReadPMA
 *fill*         0x080086ae        0x2 
 .text.USBD_CDC_Init
                0x080086b0      0x1f0 ./Middlewares/ST/STM32_USB_Device_Library/Class/CDC/Src/usbd_cdc.o
 .text.USBD_CDC_DeInit
                0x080088a0      0x104 ./Middlewares/ST/STM32_USB_Device_Library/Class/CDC/Src/usbd_cdc.o
 .text.USBD_CDC_Setup
                0x080089a4      0x1b8 ./Middlewares/ST/STM32_USB_Device_Library/Class/CDC/Src/usbd_cdc.o
 .text.USBD_CDC_DataIn
                0x08008b5c       0xfe ./Middlewares/ST/STM32_USB_Device_Library/Class/CDC/Src/usbd_cdc.o
 .text.USBD_CDC_DataOut
                0x08008c5a       0x70 ./Middlewares/ST/STM32_USB_Device_Library/Class/CDC/Src/usbd_cdc.o
 .text.USBD_CDC_EP0_RxReady
                0x08008cca       0x74 ./Middlewares/ST/STM32_USB_Device_Library/Class/CDC/Src/usbd_cdc.o
 *fill*         0x08008d3e        0x2 
 .text.USBD_CDC_GetFSCfgDesc
                0x08008d40       0x70 ./Middlewares/ST/STM32_USB_Device_Library/Class/CDC/Src/usbd_cdc.o
 .text.USBD_CDC_GetHSCfgDesc
                0x08008db0       0x70 ./Middlewares/ST/STM32_USB_Device_Library/Class/CDC/Src/usbd_cdc.o
 .text.USBD_CDC_GetOtherSpeedCfgDesc
                0x08008e20       0x70 ./Middlewares/ST/STM32_USB_Device_Library/Class/CDC/Src/usbd_cdc.o
 .text.USBD_CDC_GetDeviceQualifierDescriptor
                0x08008e90       0x20 ./Middlewares/ST/STM32_USB_Device_Library/Class/CDC/Src/usbd_cdc.o
                0x08008e90                USBD_CDC_GetDeviceQualifierDescriptor
 .text.USBD_CDC_RegisterInterface
                0x08008eb0       0x34 ./Middlewares/ST/STM32_USB_Device_Library/Class/CDC/Src/usbd_cdc.o
                0x08008eb0                USBD_CDC_RegisterInterface
 .text.USBD_CDC_SetTxBuffer
                0x08008ee4       0x44 ./Middlewares/ST/STM32_USB_Device_Library/Class/CDC/Src/usbd_cdc.o
                0x08008ee4                USBD_CDC_SetTxBuffer
 .text.USBD_CDC_SetRxBuffer
                0x08008f28       0x3a ./Middlewares/ST/STM32_USB_Device_Library/Class/CDC/Src/usbd_cdc.o
                0x08008f28                USBD_CDC_SetRxBuffer
 *fill*         0x08008f62        0x2 
 .text.USBD_CDC_TransmitPacket
                0x08008f64       0x80 ./Middlewares/ST/STM32_USB_Device_Library/Class/CDC/Src/usbd_cdc.o
                0x08008f64                USBD_CDC_TransmitPacket
 .text.USBD_CDC_ReceivePacket
                0x08008fe4       0x6c ./Middlewares/ST/STM32_USB_Device_Library/Class/CDC/Src/usbd_cdc.o
                0x08008fe4                USBD_CDC_ReceivePacket
 .text.USBD_Init
                0x08009050       0x60 ./Middlewares/ST/STM32_USB_Device_Library/Core/Src/usbd_core.o
                0x08009050                USBD_Init
 .text.USBD_RegisterClass
                0x080090b0       0x6c ./Middlewares/ST/STM32_USB_Device_Library/Core/Src/usbd_core.o
                0x080090b0                USBD_RegisterClass
 .text.USBD_Start
                0x0800911c       0x18 ./Middlewares/ST/STM32_USB_Device_Library/Core/Src/usbd_core.o
                0x0800911c                USBD_Start
 .text.USBD_RunTestMode
                0x08009134       0x16 ./Middlewares/ST/STM32_USB_Device_Library/Core/Src/usbd_core.o
                0x08009134                USBD_RunTestMode
 .text.USBD_SetClassConfig
                0x0800914a       0x38 ./Middlewares/ST/STM32_USB_Device_Library/Core/Src/usbd_core.o
                0x0800914a                USBD_SetClassConfig
 .text.USBD_ClrClassConfig
                0x08009182       0x34 ./Middlewares/ST/STM32_USB_Device_Library/Core/Src/usbd_core.o
                0x08009182                USBD_ClrClassConfig
 .text.USBD_LL_SetupStage
                0x080091b6       0xaa ./Middlewares/ST/STM32_USB_Device_Library/Core/Src/usbd_core.o
                0x080091b6                USBD_LL_SetupStage
 .text.USBD_LL_DataOutStage
                0x08009260      0x166 ./Middlewares/ST/STM32_USB_Device_Library/Core/Src/usbd_core.o
                0x08009260                USBD_LL_DataOutStage
 .text.USBD_LL_DataInStage
                0x080093c6      0x164 ./Middlewares/ST/STM32_USB_Device_Library/Core/Src/usbd_core.o
                0x080093c6                USBD_LL_DataInStage
 .text.USBD_LL_Reset
                0x0800952a       0xa4 ./Middlewares/ST/STM32_USB_Device_Library/Core/Src/usbd_core.o
                0x0800952a                USBD_LL_Reset
 .text.USBD_LL_SetSpeed
                0x080095ce       0x20 ./Middlewares/ST/STM32_USB_Device_Library/Core/Src/usbd_core.o
                0x080095ce                USBD_LL_SetSpeed
 .text.USBD_LL_Suspend
                0x080095ee       0x38 ./Middlewares/ST/STM32_USB_Device_Library/Core/Src/usbd_core.o
                0x080095ee                USBD_LL_Suspend
 .text.USBD_LL_Resume
                0x08009626       0x30 ./Middlewares/ST/STM32_USB_Device_Library/Core/Src/usbd_core.o
                0x08009626                USBD_LL_Resume
 .text.USBD_LL_SOF
                0x08009656       0x40 ./Middlewares/ST/STM32_USB_Device_Library/Core/Src/usbd_core.o
                0x08009656                USBD_LL_SOF
 .text.USBD_CoreFindIF
                0x08009696       0x1a ./Middlewares/ST/STM32_USB_Device_Library/Core/Src/usbd_core.o
                0x08009696                USBD_CoreFindIF
 .text.USBD_CoreFindEP
                0x080096b0       0x1a ./Middlewares/ST/STM32_USB_Device_Library/Core/Src/usbd_core.o
                0x080096b0                USBD_CoreFindEP
 .text.USBD_GetEpDesc
                0x080096ca       0x70 ./Middlewares/ST/STM32_USB_Device_Library/Core/Src/usbd_core.o
                0x080096ca                USBD_GetEpDesc
 .text.USBD_GetNextDesc
                0x0800973a       0x38 ./Middlewares/ST/STM32_USB_Device_Library/Core/Src/usbd_core.o
                0x0800973a                USBD_GetNextDesc
 .text.SWAPBYTE
                0x08009772       0x3e ./Middlewares/ST/STM32_USB_Device_Library/Core/Src/usbd_ctlreq.o
 .text.USBD_StdDevReq
                0x080097b0       0xe4 ./Middlewares/ST/STM32_USB_Device_Library/Core/Src/usbd_ctlreq.o
                0x080097b0                USBD_StdDevReq
 .text.USBD_StdItfReq
                0x08009894       0xd8 ./Middlewares/ST/STM32_USB_Device_Library/Core/Src/usbd_ctlreq.o
                0x08009894                USBD_StdItfReq
 .text.USBD_StdEPReq
                0x0800996c      0x33a ./Middlewares/ST/STM32_USB_Device_Library/Core/Src/usbd_ctlreq.o
                0x0800996c                USBD_StdEPReq
 *fill*         0x08009ca6        0x2 
 .text.USBD_GetDescriptor
                0x08009ca8      0x328 ./Middlewares/ST/STM32_USB_Device_Library/Core/Src/usbd_ctlreq.o
 .text.USBD_SetAddress
                0x08009fd0       0x88 ./Middlewares/ST/STM32_USB_Device_Library/Core/Src/usbd_ctlreq.o
 .text.USBD_SetConfig
                0x0800a058      0x154 ./Middlewares/ST/STM32_USB_Device_Library/Core/Src/usbd_ctlreq.o
 .text.USBD_GetConfig
                0x0800a1ac       0x6c ./Middlewares/ST/STM32_USB_Device_Library/Core/Src/usbd_ctlreq.o
 .text.USBD_GetStatus
                0x0800a218       0x68 ./Middlewares/ST/STM32_USB_Device_Library/Core/Src/usbd_ctlreq.o
 .text.USBD_SetFeature
                0x0800a280       0x52 ./Middlewares/ST/STM32_USB_Device_Library/Core/Src/usbd_ctlreq.o
 .text.USBD_ClrFeature
                0x0800a2d2       0x44 ./Middlewares/ST/STM32_USB_Device_Library/Core/Src/usbd_ctlreq.o
 .text.USBD_ParseSetupRequest
                0x0800a316       0x74 ./Middlewares/ST/STM32_USB_Device_Library/Core/Src/usbd_ctlreq.o
                0x0800a316                USBD_ParseSetupRequest
 .text.USBD_CtlError
                0x0800a38a       0x22 ./Middlewares/ST/STM32_USB_Device_Library/Core/Src/usbd_ctlreq.o
                0x0800a38a                USBD_CtlError
 .text.USBD_GetString
                0x0800a3ac       0xa4 ./Middlewares/ST/STM32_USB_Device_Library/Core/Src/usbd_ctlreq.o
                0x0800a3ac                USBD_GetString
 .text.USBD_GetLen
                0x0800a450       0x34 ./Middlewares/ST/STM32_USB_Device_Library/Core/Src/usbd_ctlreq.o
 .text.USBD_CtlSendData
                0x0800a484       0x36 ./Middlewares/ST/STM32_USB_Device_Library/Core/Src/usbd_ioreq.o
                0x0800a484                USBD_CtlSendData
 .text.USBD_CtlContinueSendData
                0x0800a4ba       0x22 ./Middlewares/ST/STM32_USB_Device_Library/Core/Src/usbd_ioreq.o
                0x0800a4ba                USBD_CtlContinueSendData
 .text.USBD_CtlPrepareRx
                0x0800a4dc       0x3a ./Middlewares/ST/STM32_USB_Device_Library/Core/Src/usbd_ioreq.o
                0x0800a4dc                USBD_CtlPrepareRx
 .text.USBD_CtlContinueRx
                0x0800a516       0x22 ./Middlewares/ST/STM32_USB_Device_Library/Core/Src/usbd_ioreq.o
                0x0800a516                USBD_CtlContinueRx
 .text.USBD_CtlSendStatus
                0x0800a538       0x26 ./Middlewares/ST/STM32_USB_Device_Library/Core/Src/usbd_ioreq.o
                0x0800a538                USBD_CtlSendStatus
 .text.USBD_CtlReceiveStatus
                0x0800a55e       0x26 ./Middlewares/ST/STM32_USB_Device_Library/Core/Src/usbd_ioreq.o
                0x0800a55e                USBD_CtlReceiveStatus
 .text.MX_USB_DEVICE_Init
                0x0800a584       0x60 ./USB_DEVICE/App/usb_device.o
                0x0800a584                MX_USB_DEVICE_Init
 .text.CDC_Init_FS
                0x0800a5e4       0x28 ./USB_DEVICE/App/usbd_cdc_if.o
 .text.CDC_DeInit_FS
                0x0800a60c       0x10 ./USB_DEVICE/App/usbd_cdc_if.o
 .text.CDC_Control_FS
                0x0800a61c       0xbc ./USB_DEVICE/App/usbd_cdc_if.o
 .text.CDC_Receive_FS
                0x0800a6d8       0x48 ./USB_DEVICE/App/usbd_cdc_if.o
 .text.CDC_Transmit_FS
                0x0800a720       0x4c ./USB_DEVICE/App/usbd_cdc_if.o
                0x0800a720                CDC_Transmit_FS
 .text.CDC_TransmitCplt_FS
                0x0800a76c       0x22 ./USB_DEVICE/App/usbd_cdc_if.o
 *fill*         0x0800a78e        0x2 
 .text.USBD_FS_DeviceDescriptor
                0x0800a790       0x24 ./USB_DEVICE/App/usbd_desc.o
                0x0800a790                USBD_FS_DeviceDescriptor
 .text.USBD_FS_LangIDStrDescriptor
                0x0800a7b4       0x24 ./USB_DEVICE/App/usbd_desc.o
                0x0800a7b4                USBD_FS_LangIDStrDescriptor
 .text.USBD_FS_ProductStrDescriptor
                0x0800a7d8       0x3c ./USB_DEVICE/App/usbd_desc.o
                0x0800a7d8                USBD_FS_ProductStrDescriptor
 .text.USBD_FS_ManufacturerStrDescriptor
                0x0800a814       0x28 ./USB_DEVICE/App/usbd_desc.o
                0x0800a814                USBD_FS_ManufacturerStrDescriptor
 .text.USBD_FS_SerialStrDescriptor
                0x0800a83c       0x24 ./USB_DEVICE/App/usbd_desc.o
                0x0800a83c                USBD_FS_SerialStrDescriptor
 .text.USBD_FS_ConfigStrDescriptor
                0x0800a860       0x3c ./USB_DEVICE/App/usbd_desc.o
                0x0800a860                USBD_FS_ConfigStrDescriptor
 .text.USBD_FS_InterfaceStrDescriptor
                0x0800a89c       0x3c ./USB_DEVICE/App/usbd_desc.o
                0x0800a89c                USBD_FS_InterfaceStrDescriptor
 .text.USBD_FS_USR_BOSDescriptor
                0x0800a8d8       0x24 ./USB_DEVICE/App/usbd_desc.o
                0x0800a8d8                USBD_FS_USR_BOSDescriptor
 .text.Get_SerialNum
                0x0800a8fc       0x58 ./USB_DEVICE/App/usbd_desc.o
 .text.IntToUnicode
                0x0800a954       0x7e ./USB_DEVICE/App/usbd_desc.o
 *fill*         0x0800a9d2        0x2 
 .text.HAL_PCD_MspInit
                0x0800a9d4       0xc4 ./USB_DEVICE/Target/usbd_conf.o
                0x0800a9d4                HAL_PCD_MspInit
 .text.HAL_PCD_SetupStageCallback
                0x0800aa98       0x24 ./USB_DEVICE/Target/usbd_conf.o
                0x0800aa98                HAL_PCD_SetupStageCallback
 .text.HAL_PCD_DataOutStageCallback
                0x0800aabc       0x36 ./USB_DEVICE/Target/usbd_conf.o
                0x0800aabc                HAL_PCD_DataOutStageCallback
 .text.HAL_PCD_DataInStageCallback
                0x0800aaf2       0x34 ./USB_DEVICE/Target/usbd_conf.o
                0x0800aaf2                HAL_PCD_DataInStageCallback
 .text.HAL_PCD_SOFCallback
                0x0800ab26       0x1c ./USB_DEVICE/Target/usbd_conf.o
                0x0800ab26                HAL_PCD_SOFCallback
 .text.HAL_PCD_ResetCallback
                0x0800ab42       0x3c ./USB_DEVICE/Target/usbd_conf.o
                0x0800ab42                HAL_PCD_ResetCallback
 *fill*         0x0800ab7e        0x2 
 .text.HAL_PCD_SuspendCallback
                0x0800ab80       0x34 ./USB_DEVICE/Target/usbd_conf.o
                0x0800ab80                HAL_PCD_SuspendCallback
 .text.HAL_PCD_ResumeCallback
                0x0800abb4       0x38 ./USB_DEVICE/Target/usbd_conf.o
                0x0800abb4                HAL_PCD_ResumeCallback
 .text.USBD_LL_Init
                0x0800abec       0xc4 ./USB_DEVICE/Target/usbd_conf.o
                0x0800abec                USBD_LL_Init
 .text.USBD_LL_Start
                0x0800acb0       0x64 ./USB_DEVICE/Target/usbd_conf.o
                0x0800acb0                USBD_LL_Start
 .text.USBD_LL_OpenEP
                0x0800ad14       0x7c ./USB_DEVICE/Target/usbd_conf.o
                0x0800ad14                USBD_LL_OpenEP
 .text.USBD_LL_CloseEP
                0x0800ad90       0x6c ./USB_DEVICE/Target/usbd_conf.o
                0x0800ad90                USBD_LL_CloseEP
 .text.USBD_LL_StallEP
                0x0800adfc       0x6c ./USB_DEVICE/Target/usbd_conf.o
                0x0800adfc                USBD_LL_StallEP
 .text.USBD_LL_ClearStallEP
                0x0800ae68       0x6c ./USB_DEVICE/Target/usbd_conf.o
                0x0800ae68                USBD_LL_ClearStallEP
 .text.USBD_LL_IsStallEP
                0x0800aed4       0x58 ./USB_DEVICE/Target/usbd_conf.o
                0x0800aed4                USBD_LL_IsStallEP
 .text.USBD_LL_SetUSBAddress
                0x0800af2c       0x6c ./USB_DEVICE/Target/usbd_conf.o
                0x0800af2c                USBD_LL_SetUSBAddress
 .text.USBD_LL_Transmit
                0x0800af98       0x70 ./USB_DEVICE/Target/usbd_conf.o
                0x0800af98                USBD_LL_Transmit
 .text.USBD_LL_PrepareReceive
                0x0800b008       0x70 ./USB_DEVICE/Target/usbd_conf.o
                0x0800b008                USBD_LL_PrepareReceive
 .text.USBD_LL_GetRxDataSize
                0x0800b078       0x26 ./USB_DEVICE/Target/usbd_conf.o
                0x0800b078                USBD_LL_GetRxDataSize
 *fill*         0x0800b09e        0x2 
 .text.HAL_PCDEx_LPM_Callback
                0x0800b0a0       0x6c ./USB_DEVICE/Target/usbd_conf.o
                0x0800b0a0                HAL_PCDEx_LPM_Callback
 .text.USBD_static_malloc
                0x0800b10c       0x1c ./USB_DEVICE/Target/usbd_conf.o
                0x0800b10c                USBD_static_malloc
 .text.USBD_static_free
                0x0800b128       0x14 ./USB_DEVICE/Target/usbd_conf.o
                0x0800b128                USBD_static_free
 .text.SystemClockConfig_Resume
                0x0800b13c        0xc ./USB_DEVICE/Target/usbd_conf.o
 .text.__cvt    0x0800b148       0xca C:/ST/STM32CubeIDE_1.18.0/STM32CubeIDE/plugins/com.st.stm32cube.ide.mcu.externaltools.gnu-tools-for-stm32.13.3.rel1.win32_1.0.0.202411081344/tools/bin/../lib/gcc/arm-none-eabi/13.3.1/../../../../arm-none-eabi/lib/thumb/v7e-m+fp/hard\libc_nano.a(libc_a-nano-vfprintf_float.o)
                0x0800b148                __cvt
 .text.__exponent
                0x0800b212       0x74 C:/ST/STM32CubeIDE_1.18.0/STM32CubeIDE/plugins/com.st.stm32cube.ide.mcu.externaltools.gnu-tools-for-stm32.13.3.rel1.win32_1.0.0.202411081344/tools/bin/../lib/gcc/arm-none-eabi/13.3.1/../../../../arm-none-eabi/lib/thumb/v7e-m+fp/hard\libc_nano.a(libc_a-nano-vfprintf_float.o)
                0x0800b212                __exponent
 *fill*         0x0800b286        0x2 
 .text._printf_float
                0x0800b288      0x454 C:/ST/STM32CubeIDE_1.18.0/STM32CubeIDE/plugins/com.st.stm32cube.ide.mcu.externaltools.gnu-tools-for-stm32.13.3.rel1.win32_1.0.0.202411081344/tools/bin/../lib/gcc/arm-none-eabi/13.3.1/../../../../arm-none-eabi/lib/thumb/v7e-m+fp/hard\libc_nano.a(libc_a-nano-vfprintf_float.o)
                0x0800b288                _printf_float
 .text._printf_common
                0x0800b6dc       0xda C:/ST/STM32CubeIDE_1.18.0/STM32CubeIDE/plugins/com.st.stm32cube.ide.mcu.externaltools.gnu-tools-for-stm32.13.3.rel1.win32_1.0.0.202411081344/tools/bin/../lib/gcc/arm-none-eabi/13.3.1/../../../../arm-none-eabi/lib/thumb/v7e-m+fp/hard\libc_nano.a(libc_a-nano-vfprintf_i.o)
                0x0800b6dc                _printf_common
 *fill*         0x0800b7b6        0x2 
 .text._printf_i
                0x0800b7b8      0x23c C:/ST/STM32CubeIDE_1.18.0/STM32CubeIDE/plugins/com.st.stm32cube.ide.mcu.externaltools.gnu-tools-for-stm32.13.3.rel1.win32_1.0.0.202411081344/tools/bin/../lib/gcc/arm-none-eabi/13.3.1/../../../../arm-none-eabi/lib/thumb/v7e-m+fp/hard\libc_nano.a(libc_a-nano-vfprintf_i.o)
                0x0800b7b8                _printf_i
 .text.std      0x0800b9f4       0x6c C:/ST/STM32CubeIDE_1.18.0/STM32CubeIDE/plugins/com.st.stm32cube.ide.mcu.externaltools.gnu-tools-for-stm32.13.3.rel1.win32_1.0.0.202411081344/tools/bin/../lib/gcc/arm-none-eabi/13.3.1/../../../../arm-none-eabi/lib/thumb/v7e-m+fp/hard\libc_nano.a(libc_a-findfp.o)
 .text.stdio_exit_handler
                0x0800ba60       0x18 C:/ST/STM32CubeIDE_1.18.0/STM32CubeIDE/plugins/com.st.stm32cube.ide.mcu.externaltools.gnu-tools-for-stm32.13.3.rel1.win32_1.0.0.202411081344/tools/bin/../lib/gcc/arm-none-eabi/13.3.1/../../../../arm-none-eabi/lib/thumb/v7e-m+fp/hard\libc_nano.a(libc_a-findfp.o)
 .text.cleanup_stdio
                0x0800ba78       0x40 C:/ST/STM32CubeIDE_1.18.0/STM32CubeIDE/plugins/com.st.stm32cube.ide.mcu.externaltools.gnu-tools-for-stm32.13.3.rel1.win32_1.0.0.202411081344/tools/bin/../lib/gcc/arm-none-eabi/13.3.1/../../../../arm-none-eabi/lib/thumb/v7e-m+fp/hard\libc_nano.a(libc_a-findfp.o)
 .text.global_stdio_init.part.0
                0x0800bab8       0x3c C:/ST/STM32CubeIDE_1.18.0/STM32CubeIDE/plugins/com.st.stm32cube.ide.mcu.externaltools.gnu-tools-for-stm32.13.3.rel1.win32_1.0.0.202411081344/tools/bin/../lib/gcc/arm-none-eabi/13.3.1/../../../../arm-none-eabi/lib/thumb/v7e-m+fp/hard\libc_nano.a(libc_a-findfp.o)
 .text.__sfp_lock_acquire
                0x0800baf4        0xc C:/ST/STM32CubeIDE_1.18.0/STM32CubeIDE/plugins/com.st.stm32cube.ide.mcu.externaltools.gnu-tools-for-stm32.13.3.rel1.win32_1.0.0.202411081344/tools/bin/../lib/gcc/arm-none-eabi/13.3.1/../../../../arm-none-eabi/lib/thumb/v7e-m+fp/hard\libc_nano.a(libc_a-findfp.o)
                0x0800baf4                __sfp_lock_acquire
 .text.__sfp_lock_release
                0x0800bb00        0xc C:/ST/STM32CubeIDE_1.18.0/STM32CubeIDE/plugins/com.st.stm32cube.ide.mcu.externaltools.gnu-tools-for-stm32.13.3.rel1.win32_1.0.0.202411081344/tools/bin/../lib/gcc/arm-none-eabi/13.3.1/../../../../arm-none-eabi/lib/thumb/v7e-m+fp/hard\libc_nano.a(libc_a-findfp.o)
                0x0800bb00                __sfp_lock_release
 .text.__sinit  0x0800bb0c       0x30 C:/ST/STM32CubeIDE_1.18.0/STM32CubeIDE/plugins/com.st.stm32cube.ide.mcu.externaltools.gnu-tools-for-stm32.13.3.rel1.win32_1.0.0.202411081344/tools/bin/../lib/gcc/arm-none-eabi/13.3.1/../../../../arm-none-eabi/lib/thumb/v7e-m+fp/hard\libc_nano.a(libc_a-findfp.o)
                0x0800bb0c                __sinit
 .text._fwalk_sglue
                0x0800bb3c       0x3c C:/ST/STM32CubeIDE_1.18.0/STM32CubeIDE/plugins/com.st.stm32cube.ide.mcu.externaltools.gnu-tools-for-stm32.13.3.rel1.win32_1.0.0.202411081344/tools/bin/../lib/gcc/arm-none-eabi/13.3.1/../../../../arm-none-eabi/lib/thumb/v7e-m+fp/hard\libc_nano.a(libc_a-fwalk.o)
                0x0800bb3c                _fwalk_sglue
 .text.snprintf
                0x0800bb78       0x6c C:/ST/STM32CubeIDE_1.18.0/STM32CubeIDE/plugins/com.st.stm32cube.ide.mcu.externaltools.gnu-tools-for-stm32.13.3.rel1.win32_1.0.0.202411081344/tools/bin/../lib/gcc/arm-none-eabi/13.3.1/../../../../arm-none-eabi/lib/thumb/v7e-m+fp/hard\libc_nano.a(libc_a-snprintf.o)
                0x0800bb78                sniprintf
                0x0800bb78                snprintf
 .text.__sread  0x0800bbe4       0x22 C:/ST/STM32CubeIDE_1.18.0/STM32CubeIDE/plugins/com.st.stm32cube.ide.mcu.externaltools.gnu-tools-for-stm32.13.3.rel1.win32_1.0.0.202411081344/tools/bin/../lib/gcc/arm-none-eabi/13.3.1/../../../../arm-none-eabi/lib/thumb/v7e-m+fp/hard\libc_nano.a(libc_a-stdio.o)
                0x0800bbe4                __sread
 .text.__swrite
                0x0800bc06       0x38 C:/ST/STM32CubeIDE_1.18.0/STM32CubeIDE/plugins/com.st.stm32cube.ide.mcu.externaltools.gnu-tools-for-stm32.13.3.rel1.win32_1.0.0.202411081344/tools/bin/../lib/gcc/arm-none-eabi/13.3.1/../../../../arm-none-eabi/lib/thumb/v7e-m+fp/hard\libc_nano.a(libc_a-stdio.o)
                0x0800bc06                __swrite
 .text.__sseek  0x0800bc3e       0x24 C:/ST/STM32CubeIDE_1.18.0/STM32CubeIDE/plugins/com.st.stm32cube.ide.mcu.externaltools.gnu-tools-for-stm32.13.3.rel1.win32_1.0.0.202411081344/tools/bin/../lib/gcc/arm-none-eabi/13.3.1/../../../../arm-none-eabi/lib/thumb/v7e-m+fp/hard\libc_nano.a(libc_a-stdio.o)
                0x0800bc3e                __sseek
 .text.__sclose
                0x0800bc62        0x8 C:/ST/STM32CubeIDE_1.18.0/STM32CubeIDE/plugins/com.st.stm32cube.ide.mcu.externaltools.gnu-tools-for-stm32.13.3.rel1.win32_1.0.0.202411081344/tools/bin/../lib/gcc/arm-none-eabi/13.3.1/../../../../arm-none-eabi/lib/thumb/v7e-m+fp/hard\libc_nano.a(libc_a-stdio.o)
                0x0800bc62                __sclose
 .text.memset   0x0800bc6a       0x10 C:/ST/STM32CubeIDE_1.18.0/STM32CubeIDE/plugins/com.st.stm32cube.ide.mcu.externaltools.gnu-tools-for-stm32.13.3.rel1.win32_1.0.0.202411081344/tools/bin/../lib/gcc/arm-none-eabi/13.3.1/../../../../arm-none-eabi/lib/thumb/v7e-m+fp/hard\libc_nano.a(libc_a-memset.o)
                0x0800bc6a                memset
 .text.strstr   0x0800bc7a       0x2c C:/ST/STM32CubeIDE_1.18.0/STM32CubeIDE/plugins/com.st.stm32cube.ide.mcu.externaltools.gnu-tools-for-stm32.13.3.rel1.win32_1.0.0.202411081344/tools/bin/../lib/gcc/arm-none-eabi/13.3.1/../../../../arm-none-eabi/lib/thumb/v7e-m+fp/hard\libc_nano.a(libc_a-strstr.o)
                0x0800bc7a                strstr
 *fill*         0x0800bca6        0x2 
 .text._localeconv_r
                0x0800bca8        0x8 C:/ST/STM32CubeIDE_1.18.0/STM32CubeIDE/plugins/com.st.stm32cube.ide.mcu.externaltools.gnu-tools-for-stm32.13.3.rel1.win32_1.0.0.202411081344/tools/bin/../lib/gcc/arm-none-eabi/13.3.1/../../../../arm-none-eabi/lib/thumb/v7e-m+fp/hard\libc_nano.a(libc_a-localeconv.o)
                0x0800bca8                _localeconv_r
 .text._close_r
                0x0800bcb0       0x20 C:/ST/STM32CubeIDE_1.18.0/STM32CubeIDE/plugins/com.st.stm32cube.ide.mcu.externaltools.gnu-tools-for-stm32.13.3.rel1.win32_1.0.0.202411081344/tools/bin/../lib/gcc/arm-none-eabi/13.3.1/../../../../arm-none-eabi/lib/thumb/v7e-m+fp/hard\libc_nano.a(libc_a-closer.o)
                0x0800bcb0                _close_r
 .text._lseek_r
                0x0800bcd0       0x24 C:/ST/STM32CubeIDE_1.18.0/STM32CubeIDE/plugins/com.st.stm32cube.ide.mcu.externaltools.gnu-tools-for-stm32.13.3.rel1.win32_1.0.0.202411081344/tools/bin/../lib/gcc/arm-none-eabi/13.3.1/../../../../arm-none-eabi/lib/thumb/v7e-m+fp/hard\libc_nano.a(libc_a-lseekr.o)
                0x0800bcd0                _lseek_r
 .text._read_r  0x0800bcf4       0x24 C:/ST/STM32CubeIDE_1.18.0/STM32CubeIDE/plugins/com.st.stm32cube.ide.mcu.externaltools.gnu-tools-for-stm32.13.3.rel1.win32_1.0.0.202411081344/tools/bin/../lib/gcc/arm-none-eabi/13.3.1/../../../../arm-none-eabi/lib/thumb/v7e-m+fp/hard\libc_nano.a(libc_a-readr.o)
                0x0800bcf4                _read_r
 .text._write_r
                0x0800bd18       0x24 C:/ST/STM32CubeIDE_1.18.0/STM32CubeIDE/plugins/com.st.stm32cube.ide.mcu.externaltools.gnu-tools-for-stm32.13.3.rel1.win32_1.0.0.202411081344/tools/bin/../lib/gcc/arm-none-eabi/13.3.1/../../../../arm-none-eabi/lib/thumb/v7e-m+fp/hard\libc_nano.a(libc_a-writer.o)
                0x0800bd18                _write_r
 .text.__errno  0x0800bd3c        0xc C:/ST/STM32CubeIDE_1.18.0/STM32CubeIDE/plugins/com.st.stm32cube.ide.mcu.externaltools.gnu-tools-for-stm32.13.3.rel1.win32_1.0.0.202411081344/tools/bin/../lib/gcc/arm-none-eabi/13.3.1/../../../../arm-none-eabi/lib/thumb/v7e-m+fp/hard\libc_nano.a(libc_a-errno.o)
                0x0800bd3c                __errno
 .text.__libc_init_array
                0x0800bd48       0x48 C:/ST/STM32CubeIDE_1.18.0/STM32CubeIDE/plugins/com.st.stm32cube.ide.mcu.externaltools.gnu-tools-for-stm32.13.3.rel1.win32_1.0.0.202411081344/tools/bin/../lib/gcc/arm-none-eabi/13.3.1/../../../../arm-none-eabi/lib/thumb/v7e-m+fp/hard\libc_nano.a(libc_a-init.o)
                0x0800bd48                __libc_init_array
 .text.__retarget_lock_init_recursive
                0x0800bd90        0x2 C:/ST/STM32CubeIDE_1.18.0/STM32CubeIDE/plugins/com.st.stm32cube.ide.mcu.externaltools.gnu-tools-for-stm32.13.3.rel1.win32_1.0.0.202411081344/tools/bin/../lib/gcc/arm-none-eabi/13.3.1/../../../../arm-none-eabi/lib/thumb/v7e-m+fp/hard\libc_nano.a(libc_a-lock.o)
                0x0800bd90                __retarget_lock_init_recursive
 .text.__retarget_lock_acquire_recursive
                0x0800bd92        0x2 C:/ST/STM32CubeIDE_1.18.0/STM32CubeIDE/plugins/com.st.stm32cube.ide.mcu.externaltools.gnu-tools-for-stm32.13.3.rel1.win32_1.0.0.202411081344/tools/bin/../lib/gcc/arm-none-eabi/13.3.1/../../../../arm-none-eabi/lib/thumb/v7e-m+fp/hard\libc_nano.a(libc_a-lock.o)
                0x0800bd92                __retarget_lock_acquire_recursive
 .text.__retarget_lock_release_recursive
                0x0800bd94        0x2 C:/ST/STM32CubeIDE_1.18.0/STM32CubeIDE/plugins/com.st.stm32cube.ide.mcu.externaltools.gnu-tools-for-stm32.13.3.rel1.win32_1.0.0.202411081344/tools/bin/../lib/gcc/arm-none-eabi/13.3.1/../../../../arm-none-eabi/lib/thumb/v7e-m+fp/hard\libc_nano.a(libc_a-lock.o)
                0x0800bd94                __retarget_lock_release_recursive
 .text.memcpy   0x0800bd96       0x1c C:/ST/STM32CubeIDE_1.18.0/STM32CubeIDE/plugins/com.st.stm32cube.ide.mcu.externaltools.gnu-tools-for-stm32.13.3.rel1.win32_1.0.0.202411081344/tools/bin/../lib/gcc/arm-none-eabi/13.3.1/../../../../arm-none-eabi/lib/thumb/v7e-m+fp/hard\libc_nano.a(libc_a-memcpy-stub.o)
                0x0800bd96                memcpy
 .text.quorem   0x0800bdb2      0x110 C:/ST/STM32CubeIDE_1.18.0/STM32CubeIDE/plugins/com.st.stm32cube.ide.mcu.externaltools.gnu-tools-for-stm32.13.3.rel1.win32_1.0.0.202411081344/tools/bin/../lib/gcc/arm-none-eabi/13.3.1/../../../../arm-none-eabi/lib/thumb/v7e-m+fp/hard\libc_nano.a(libc_a-dtoa.o)
 *fill*         0x0800bec2        0x6 
 .text._dtoa_r  0x0800bec8      0xba0 C:/ST/STM32CubeIDE_1.18.0/STM32CubeIDE/plugins/com.st.stm32cube.ide.mcu.externaltools.gnu-tools-for-stm32.13.3.rel1.win32_1.0.0.202411081344/tools/bin/../lib/gcc/arm-none-eabi/13.3.1/../../../../arm-none-eabi/lib/thumb/v7e-m+fp/hard\libc_nano.a(libc_a-dtoa.o)
                0x0800bec8                _dtoa_r
 .text._free_r  0x0800ca68       0x94 C:/ST/STM32CubeIDE_1.18.0/STM32CubeIDE/plugins/com.st.stm32cube.ide.mcu.externaltools.gnu-tools-for-stm32.13.3.rel1.win32_1.0.0.202411081344/tools/bin/../lib/gcc/arm-none-eabi/13.3.1/../../../../arm-none-eabi/lib/thumb/v7e-m+fp/hard\libc_nano.a(libc_a-freer.o)
                0x0800ca68                _free_r
 .text.malloc   0x0800cafc       0x10 C:/ST/STM32CubeIDE_1.18.0/STM32CubeIDE/plugins/com.st.stm32cube.ide.mcu.externaltools.gnu-tools-for-stm32.13.3.rel1.win32_1.0.0.202411081344/tools/bin/../lib/gcc/arm-none-eabi/13.3.1/../../../../arm-none-eabi/lib/thumb/v7e-m+fp/hard\libc_nano.a(libc_a-malloc.o)
                0x0800cafc                malloc
 .text.sbrk_aligned
                0x0800cb0c       0x44 C:/ST/STM32CubeIDE_1.18.0/STM32CubeIDE/plugins/com.st.stm32cube.ide.mcu.externaltools.gnu-tools-for-stm32.13.3.rel1.win32_1.0.0.202411081344/tools/bin/../lib/gcc/arm-none-eabi/13.3.1/../../../../arm-none-eabi/lib/thumb/v7e-m+fp/hard\libc_nano.a(libc_a-mallocr.o)
 .text._malloc_r
                0x0800cb50      0x100 C:/ST/STM32CubeIDE_1.18.0/STM32CubeIDE/plugins/com.st.stm32cube.ide.mcu.externaltools.gnu-tools-for-stm32.13.3.rel1.win32_1.0.0.202411081344/tools/bin/../lib/gcc/arm-none-eabi/13.3.1/../../../../arm-none-eabi/lib/thumb/v7e-m+fp/hard\libc_nano.a(libc_a-mallocr.o)
                0x0800cb50                _malloc_r
 .text.__malloc_lock
                0x0800cc50        0xc C:/ST/STM32CubeIDE_1.18.0/STM32CubeIDE/plugins/com.st.stm32cube.ide.mcu.externaltools.gnu-tools-for-stm32.13.3.rel1.win32_1.0.0.202411081344/tools/bin/../lib/gcc/arm-none-eabi/13.3.1/../../../../arm-none-eabi/lib/thumb/v7e-m+fp/hard\libc_nano.a(libc_a-mlock.o)
                0x0800cc50                __malloc_lock
 .text.__malloc_unlock
                0x0800cc5c        0xc C:/ST/STM32CubeIDE_1.18.0/STM32CubeIDE/plugins/com.st.stm32cube.ide.mcu.externaltools.gnu-tools-for-stm32.13.3.rel1.win32_1.0.0.202411081344/tools/bin/../lib/gcc/arm-none-eabi/13.3.1/../../../../arm-none-eabi/lib/thumb/v7e-m+fp/hard\libc_nano.a(libc_a-mlock.o)
                0x0800cc5c                __malloc_unlock
 .text._Balloc  0x0800cc68       0x80 C:/ST/STM32CubeIDE_1.18.0/STM32CubeIDE/plugins/com.st.stm32cube.ide.mcu.externaltools.gnu-tools-for-stm32.13.3.rel1.win32_1.0.0.202411081344/tools/bin/../lib/gcc/arm-none-eabi/13.3.1/../../../../arm-none-eabi/lib/thumb/v7e-m+fp/hard\libc_nano.a(libc_a-mprec.o)
                0x0800cc68                _Balloc
 .text._Bfree   0x0800cce8       0x44 C:/ST/STM32CubeIDE_1.18.0/STM32CubeIDE/plugins/com.st.stm32cube.ide.mcu.externaltools.gnu-tools-for-stm32.13.3.rel1.win32_1.0.0.202411081344/tools/bin/../lib/gcc/arm-none-eabi/13.3.1/../../../../arm-none-eabi/lib/thumb/v7e-m+fp/hard\libc_nano.a(libc_a-mprec.o)
                0x0800cce8                _Bfree
 .text.__multadd
                0x0800cd2c       0x8c C:/ST/STM32CubeIDE_1.18.0/STM32CubeIDE/plugins/com.st.stm32cube.ide.mcu.externaltools.gnu-tools-for-stm32.13.3.rel1.win32_1.0.0.202411081344/tools/bin/../lib/gcc/arm-none-eabi/13.3.1/../../../../arm-none-eabi/lib/thumb/v7e-m+fp/hard\libc_nano.a(libc_a-mprec.o)
                0x0800cd2c                __multadd
 .text.__hi0bits
                0x0800cdb8       0x3e C:/ST/STM32CubeIDE_1.18.0/STM32CubeIDE/plugins/com.st.stm32cube.ide.mcu.externaltools.gnu-tools-for-stm32.13.3.rel1.win32_1.0.0.202411081344/tools/bin/../lib/gcc/arm-none-eabi/13.3.1/../../../../arm-none-eabi/lib/thumb/v7e-m+fp/hard\libc_nano.a(libc_a-mprec.o)
                0x0800cdb8                __hi0bits
 .text.__lo0bits
                0x0800cdf6       0x5a C:/ST/STM32CubeIDE_1.18.0/STM32CubeIDE/plugins/com.st.stm32cube.ide.mcu.externaltools.gnu-tools-for-stm32.13.3.rel1.win32_1.0.0.202411081344/tools/bin/../lib/gcc/arm-none-eabi/13.3.1/../../../../arm-none-eabi/lib/thumb/v7e-m+fp/hard\libc_nano.a(libc_a-mprec.o)
                0x0800cdf6                __lo0bits
 .text.__i2b    0x0800ce50       0x2c C:/ST/STM32CubeIDE_1.18.0/STM32CubeIDE/plugins/com.st.stm32cube.ide.mcu.externaltools.gnu-tools-for-stm32.13.3.rel1.win32_1.0.0.202411081344/tools/bin/../lib/gcc/arm-none-eabi/13.3.1/../../../../arm-none-eabi/lib/thumb/v7e-m+fp/hard\libc_nano.a(libc_a-mprec.o)
                0x0800ce50                __i2b
 .text.__multiply
                0x0800ce7c      0x144 C:/ST/STM32CubeIDE_1.18.0/STM32CubeIDE/plugins/com.st.stm32cube.ide.mcu.externaltools.gnu-tools-for-stm32.13.3.rel1.win32_1.0.0.202411081344/tools/bin/../lib/gcc/arm-none-eabi/13.3.1/../../../../arm-none-eabi/lib/thumb/v7e-m+fp/hard\libc_nano.a(libc_a-mprec.o)
                0x0800ce7c                __multiply
 .text.__pow5mult
                0x0800cfc0       0xb4 C:/ST/STM32CubeIDE_1.18.0/STM32CubeIDE/plugins/com.st.stm32cube.ide.mcu.externaltools.gnu-tools-for-stm32.13.3.rel1.win32_1.0.0.202411081344/tools/bin/../lib/gcc/arm-none-eabi/13.3.1/../../../../arm-none-eabi/lib/thumb/v7e-m+fp/hard\libc_nano.a(libc_a-mprec.o)
                0x0800cfc0                __pow5mult
 .text.__lshift
                0x0800d074       0xd8 C:/ST/STM32CubeIDE_1.18.0/STM32CubeIDE/plugins/com.st.stm32cube.ide.mcu.externaltools.gnu-tools-for-stm32.13.3.rel1.win32_1.0.0.202411081344/tools/bin/../lib/gcc/arm-none-eabi/13.3.1/../../../../arm-none-eabi/lib/thumb/v7e-m+fp/hard\libc_nano.a(libc_a-mprec.o)
                0x0800d074                __lshift
 .text.__mcmp   0x0800d14c       0x36 C:/ST/STM32CubeIDE_1.18.0/STM32CubeIDE/plugins/com.st.stm32cube.ide.mcu.externaltools.gnu-tools-for-stm32.13.3.rel1.win32_1.0.0.202411081344/tools/bin/../lib/gcc/arm-none-eabi/13.3.1/../../../../arm-none-eabi/lib/thumb/v7e-m+fp/hard\libc_nano.a(libc_a-mprec.o)
                0x0800d14c                __mcmp
 *fill*         0x0800d182        0x2 
 .text.__mdiff  0x0800d184      0x128 C:/ST/STM32CubeIDE_1.18.0/STM32CubeIDE/plugins/com.st.stm32cube.ide.mcu.externaltools.gnu-tools-for-stm32.13.3.rel1.win32_1.0.0.202411081344/tools/bin/../lib/gcc/arm-none-eabi/13.3.1/../../../../arm-none-eabi/lib/thumb/v7e-m+fp/hard\libc_nano.a(libc_a-mprec.o)
                0x0800d184                __mdiff
 .text.__d2b    0x0800d2ac       0xb0 C:/ST/STM32CubeIDE_1.18.0/STM32CubeIDE/plugins/com.st.stm32cube.ide.mcu.externaltools.gnu-tools-for-stm32.13.3.rel1.win32_1.0.0.202411081344/tools/bin/../lib/gcc/arm-none-eabi/13.3.1/../../../../arm-none-eabi/lib/thumb/v7e-m+fp/hard\libc_nano.a(libc_a-mprec.o)
                0x0800d2ac                __d2b
 .text.__ssputs_r
                0x0800d35c       0xb6 C:/ST/STM32CubeIDE_1.18.0/STM32CubeIDE/plugins/com.st.stm32cube.ide.mcu.externaltools.gnu-tools-for-stm32.13.3.rel1.win32_1.0.0.202411081344/tools/bin/../lib/gcc/arm-none-eabi/13.3.1/../../../../arm-none-eabi/lib/thumb/v7e-m+fp/hard\libc_nano.a(libc_a-nano-svfprintf.o)
                0x0800d35c                __ssputs_r
 *fill*         0x0800d412        0x2 
 .text._svfprintf_r
                0x0800d414      0x1f8 C:/ST/STM32CubeIDE_1.18.0/STM32CubeIDE/plugins/com.st.stm32cube.ide.mcu.externaltools.gnu-tools-for-stm32.13.3.rel1.win32_1.0.0.202411081344/tools/bin/../lib/gcc/arm-none-eabi/13.3.1/../../../../arm-none-eabi/lib/thumb/v7e-m+fp/hard\libc_nano.a(libc_a-nano-svfprintf.o)
                0x0800d414                _svfiprintf_r
                0x0800d414                _svfprintf_r
 .text.__sflush_r
                0x0800d60c      0x108 C:/ST/STM32CubeIDE_1.18.0/STM32CubeIDE/plugins/com.st.stm32cube.ide.mcu.externaltools.gnu-tools-for-stm32.13.3.rel1.win32_1.0.0.202411081344/tools/bin/../lib/gcc/arm-none-eabi/13.3.1/../../../../arm-none-eabi/lib/thumb/v7e-m+fp/hard\libc_nano.a(libc_a-fflush.o)
                0x0800d60c                __sflush_r
 .text._fflush_r
                0x0800d714       0x50 C:/ST/STM32CubeIDE_1.18.0/STM32CubeIDE/plugins/com.st.stm32cube.ide.mcu.externaltools.gnu-tools-for-stm32.13.3.rel1.win32_1.0.0.202411081344/tools/bin/../lib/gcc/arm-none-eabi/13.3.1/../../../../arm-none-eabi/lib/thumb/v7e-m+fp/hard\libc_nano.a(libc_a-fflush.o)
                0x0800d714                _fflush_r
 .text.memmove  0x0800d764       0x34 C:/ST/STM32CubeIDE_1.18.0/STM32CubeIDE/plugins/com.st.stm32cube.ide.mcu.externaltools.gnu-tools-for-stm32.13.3.rel1.win32_1.0.0.202411081344/tools/bin/../lib/gcc/arm-none-eabi/13.3.1/../../../../arm-none-eabi/lib/thumb/v7e-m+fp/hard\libc_nano.a(libc_a-memmove.o)
                0x0800d764                memmove
 .text._sbrk_r  0x0800d798       0x20 C:/ST/STM32CubeIDE_1.18.0/STM32CubeIDE/plugins/com.st.stm32cube.ide.mcu.externaltools.gnu-tools-for-stm32.13.3.rel1.win32_1.0.0.202411081344/tools/bin/../lib/gcc/arm-none-eabi/13.3.1/../../../../arm-none-eabi/lib/thumb/v7e-m+fp/hard\libc_nano.a(libc_a-sbrkr.o)
                0x0800d798                _sbrk_r
 .text.__assert_func
                0x0800d7b8       0x3c C:/ST/STM32CubeIDE_1.18.0/STM32CubeIDE/plugins/com.st.stm32cube.ide.mcu.externaltools.gnu-tools-for-stm32.13.3.rel1.win32_1.0.0.202411081344/tools/bin/../lib/gcc/arm-none-eabi/13.3.1/../../../../arm-none-eabi/lib/thumb/v7e-m+fp/hard\libc_nano.a(libc_a-assert.o)
                0x0800d7b8                __assert_func
 .text._calloc_r
                0x0800d7f4       0x28 C:/ST/STM32CubeIDE_1.18.0/STM32CubeIDE/plugins/com.st.stm32cube.ide.mcu.externaltools.gnu-tools-for-stm32.13.3.rel1.win32_1.0.0.202411081344/tools/bin/../lib/gcc/arm-none-eabi/13.3.1/../../../../arm-none-eabi/lib/thumb/v7e-m+fp/hard\libc_nano.a(libc_a-callocr.o)
                0x0800d7f4                _calloc_r
 .text.__ascii_mbtowc
                0x0800d81c       0x24 C:/ST/STM32CubeIDE_1.18.0/STM32CubeIDE/plugins/com.st.stm32cube.ide.mcu.externaltools.gnu-tools-for-stm32.13.3.rel1.win32_1.0.0.202411081344/tools/bin/../lib/gcc/arm-none-eabi/13.3.1/../../../../arm-none-eabi/lib/thumb/v7e-m+fp/hard\libc_nano.a(libc_a-mbtowc_r.o)
                0x0800d81c                __ascii_mbtowc
 .text._realloc_r
                0x0800d840       0x5c C:/ST/STM32CubeIDE_1.18.0/STM32CubeIDE/plugins/com.st.stm32cube.ide.mcu.externaltools.gnu-tools-for-stm32.13.3.rel1.win32_1.0.0.202411081344/tools/bin/../lib/gcc/arm-none-eabi/13.3.1/../../../../arm-none-eabi/lib/thumb/v7e-m+fp/hard\libc_nano.a(libc_a-reallocr.o)
                0x0800d840                _realloc_r
 .text.__ascii_wctomb
                0x0800d89c       0x1a C:/ST/STM32CubeIDE_1.18.0/STM32CubeIDE/plugins/com.st.stm32cube.ide.mcu.externaltools.gnu-tools-for-stm32.13.3.rel1.win32_1.0.0.202411081344/tools/bin/../lib/gcc/arm-none-eabi/13.3.1/../../../../arm-none-eabi/lib/thumb/v7e-m+fp/hard\libc_nano.a(libc_a-wctomb_r.o)
                0x0800d89c                __ascii_wctomb
 *fill*         0x0800d8b6        0x2 
 .text.fprintf  0x0800d8b8       0x24 C:/ST/STM32CubeIDE_1.18.0/STM32CubeIDE/plugins/com.st.stm32cube.ide.mcu.externaltools.gnu-tools-for-stm32.13.3.rel1.win32_1.0.0.202411081344/tools/bin/../lib/gcc/arm-none-eabi/13.3.1/../../../../arm-none-eabi/lib/thumb/v7e-m+fp/hard\libc_nano.a(libc_a-fprintf.o)
                0x0800d8b8                fiprintf
                0x0800d8b8                fprintf
 .text.abort    0x0800d8dc        0xe C:/ST/STM32CubeIDE_1.18.0/STM32CubeIDE/plugins/com.st.stm32cube.ide.mcu.externaltools.gnu-tools-for-stm32.13.3.rel1.win32_1.0.0.202411081344/tools/bin/../lib/gcc/arm-none-eabi/13.3.1/../../../../arm-none-eabi/lib/thumb/v7e-m+fp/hard\libc_nano.a(libc_a-abort.o)
                0x0800d8dc                abort
 .text._malloc_usable_size_r
                0x0800d8ea       0x10 C:/ST/STM32CubeIDE_1.18.0/STM32CubeIDE/plugins/com.st.stm32cube.ide.mcu.externaltools.gnu-tools-for-stm32.13.3.rel1.win32_1.0.0.202411081344/tools/bin/../lib/gcc/arm-none-eabi/13.3.1/../../../../arm-none-eabi/lib/thumb/v7e-m+fp/hard\libc_nano.a(libc_a-msizer.o)
                0x0800d8ea                _malloc_usable_size_r
 .text.__sfputc_r
                0x0800d8fa       0x2e C:/ST/STM32CubeIDE_1.18.0/STM32CubeIDE/plugins/com.st.stm32cube.ide.mcu.externaltools.gnu-tools-for-stm32.13.3.rel1.win32_1.0.0.202411081344/tools/bin/../lib/gcc/arm-none-eabi/13.3.1/../../../../arm-none-eabi/lib/thumb/v7e-m+fp/hard\libc_nano.a(libc_a-nano-vfprintf.o)
 .text.__sfputs_r
                0x0800d928       0x24 C:/ST/STM32CubeIDE_1.18.0/STM32CubeIDE/plugins/com.st.stm32cube.ide.mcu.externaltools.gnu-tools-for-stm32.13.3.rel1.win32_1.0.0.202411081344/tools/bin/../lib/gcc/arm-none-eabi/13.3.1/../../../../arm-none-eabi/lib/thumb/v7e-m+fp/hard\libc_nano.a(libc_a-nano-vfprintf.o)
                0x0800d928                __sfputs_r
 .text._vfprintf_r
                0x0800d94c      0x230 C:/ST/STM32CubeIDE_1.18.0/STM32CubeIDE/plugins/com.st.stm32cube.ide.mcu.externaltools.gnu-tools-for-stm32.13.3.rel1.win32_1.0.0.202411081344/tools/bin/../lib/gcc/arm-none-eabi/13.3.1/../../../../arm-none-eabi/lib/thumb/v7e-m+fp/hard\libc_nano.a(libc_a-nano-vfprintf.o)
                0x0800d94c                _vfprintf_r
                0x0800d94c                _vfiprintf_r
 .text.__swbuf_r
                0x0800db7c       0x7c C:/ST/STM32CubeIDE_1.18.0/STM32CubeIDE/plugins/com.st.stm32cube.ide.mcu.externaltools.gnu-tools-for-stm32.13.3.rel1.win32_1.0.0.202411081344/tools/bin/../lib/gcc/arm-none-eabi/13.3.1/../../../../arm-none-eabi/lib/thumb/v7e-m+fp/hard\libc_nano.a(libc_a-wbuf.o)
                0x0800db7c                __swbuf_r
 .text.__swsetup_r
                0x0800dbf8       0xac C:/ST/STM32CubeIDE_1.18.0/STM32CubeIDE/plugins/com.st.stm32cube.ide.mcu.externaltools.gnu-tools-for-stm32.13.3.rel1.win32_1.0.0.202411081344/tools/bin/../lib/gcc/arm-none-eabi/13.3.1/../../../../arm-none-eabi/lib/thumb/v7e-m+fp/hard\libc_nano.a(libc_a-wsetup.o)
                0x0800dbf8                __swsetup_r
 .text._raise_r
                0x0800dca4       0x50 C:/ST/STM32CubeIDE_1.18.0/STM32CubeIDE/plugins/com.st.stm32cube.ide.mcu.externaltools.gnu-tools-for-stm32.13.3.rel1.win32_1.0.0.202411081344/tools/bin/../lib/gcc/arm-none-eabi/13.3.1/../../../../arm-none-eabi/lib/thumb/v7e-m+fp/hard\libc_nano.a(libc_a-signal.o)
                0x0800dca4                _raise_r
 .text.raise    0x0800dcf4       0x10 C:/ST/STM32CubeIDE_1.18.0/STM32CubeIDE/plugins/com.st.stm32cube.ide.mcu.externaltools.gnu-tools-for-stm32.13.3.rel1.win32_1.0.0.202411081344/tools/bin/../lib/gcc/arm-none-eabi/13.3.1/../../../../arm-none-eabi/lib/thumb/v7e-m+fp/hard\libc_nano.a(libc_a-signal.o)
                0x0800dcf4                raise
 .text._kill_r  0x0800dd04       0x24 C:/ST/STM32CubeIDE_1.18.0/STM32CubeIDE/plugins/com.st.stm32cube.ide.mcu.externaltools.gnu-tools-for-stm32.13.3.rel1.win32_1.0.0.202411081344/tools/bin/../lib/gcc/arm-none-eabi/13.3.1/../../../../arm-none-eabi/lib/thumb/v7e-m+fp/hard\libc_nano.a(libc_a-signalr.o)
                0x0800dd04                _kill_r
 .text._getpid_r
                0x0800dd28        0x4 C:/ST/STM32CubeIDE_1.18.0/STM32CubeIDE/plugins/com.st.stm32cube.ide.mcu.externaltools.gnu-tools-for-stm32.13.3.rel1.win32_1.0.0.202411081344/tools/bin/../lib/gcc/arm-none-eabi/13.3.1/../../../../arm-none-eabi/lib/thumb/v7e-m+fp/hard\libc_nano.a(libc_a-signalr.o)
                0x0800dd28                _getpid_r
 .text.__swhatbuf_r
                0x0800dd2c       0x4c C:/ST/STM32CubeIDE_1.18.0/STM32CubeIDE/plugins/com.st.stm32cube.ide.mcu.externaltools.gnu-tools-for-stm32.13.3.rel1.win32_1.0.0.202411081344/tools/bin/../lib/gcc/arm-none-eabi/13.3.1/../../../../arm-none-eabi/lib/thumb/v7e-m+fp/hard\libc_nano.a(libc_a-makebuf.o)
                0x0800dd2c                __swhatbuf_r
 .text.__smakebuf_r
                0x0800dd78       0x78 C:/ST/STM32CubeIDE_1.18.0/STM32CubeIDE/plugins/com.st.stm32cube.ide.mcu.externaltools.gnu-tools-for-stm32.13.3.rel1.win32_1.0.0.202411081344/tools/bin/../lib/gcc/arm-none-eabi/13.3.1/../../../../arm-none-eabi/lib/thumb/v7e-m+fp/hard\libc_nano.a(libc_a-makebuf.o)
                0x0800dd78                __smakebuf_r
 .text._fstat_r
                0x0800ddf0       0x24 C:/ST/STM32CubeIDE_1.18.0/STM32CubeIDE/plugins/com.st.stm32cube.ide.mcu.externaltools.gnu-tools-for-stm32.13.3.rel1.win32_1.0.0.202411081344/tools/bin/../lib/gcc/arm-none-eabi/13.3.1/../../../../arm-none-eabi/lib/thumb/v7e-m+fp/hard\libc_nano.a(libc_a-fstatr.o)
                0x0800ddf0                _fstat_r
 .text._isatty_r
                0x0800de14       0x20 C:/ST/STM32CubeIDE_1.18.0/STM32CubeIDE/plugins/com.st.stm32cube.ide.mcu.externaltools.gnu-tools-for-stm32.13.3.rel1.win32_1.0.0.202411081344/tools/bin/../lib/gcc/arm-none-eabi/13.3.1/../../../../arm-none-eabi/lib/thumb/v7e-m+fp/hard\libc_nano.a(libc_a-isattyr.o)
                0x0800de14                _isatty_r
 *(.glue_7)
 .glue_7        0x0800de34        0x0 linker stubs
 *(.glue_7t)
 .glue_7t       0x0800de34        0x0 linker stubs
 *(.eh_frame)
 .eh_frame      0x0800de34        0x0 C:/ST/STM32CubeIDE_1.18.0/STM32CubeIDE/plugins/com.st.stm32cube.ide.mcu.externaltools.gnu-tools-for-stm32.13.3.rel1.win32_1.0.0.202411081344/tools/bin/../lib/gcc/arm-none-eabi/13.3.1/thumb/v7e-m+fp/hard/crtbegin.o
 *(.init)
 .init          0x0800de34        0x4 C:/ST/STM32CubeIDE_1.18.0/STM32CubeIDE/plugins/com.st.stm32cube.ide.mcu.externaltools.gnu-tools-for-stm32.13.3.rel1.win32_1.0.0.202411081344/tools/bin/../lib/gcc/arm-none-eabi/13.3.1/thumb/v7e-m+fp/hard/crti.o
                0x0800de34                _init
 .init          0x0800de38        0x8 C:/ST/STM32CubeIDE_1.18.0/STM32CubeIDE/plugins/com.st.stm32cube.ide.mcu.externaltools.gnu-tools-for-stm32.13.3.rel1.win32_1.0.0.202411081344/tools/bin/../lib/gcc/arm-none-eabi/13.3.1/thumb/v7e-m+fp/hard/crtn.o
 *(.fini)
 .fini          0x0800de40        0x4 C:/ST/STM32CubeIDE_1.18.0/STM32CubeIDE/plugins/com.st.stm32cube.ide.mcu.externaltools.gnu-tools-for-stm32.13.3.rel1.win32_1.0.0.202411081344/tools/bin/../lib/gcc/arm-none-eabi/13.3.1/thumb/v7e-m+fp/hard/crti.o
                0x0800de40                _fini
 .fini          0x0800de44        0x8 C:/ST/STM32CubeIDE_1.18.0/STM32CubeIDE/plugins/com.st.stm32cube.ide.mcu.externaltools.gnu-tools-for-stm32.13.3.rel1.win32_1.0.0.202411081344/tools/bin/../lib/gcc/arm-none-eabi/13.3.1/thumb/v7e-m+fp/hard/crtn.o
                0x0800de4c                        . = ALIGN (0x4)
                0x0800de4c                        _etext = .

.vfp11_veneer   0x0800de4c        0x0
 .vfp11_veneer  0x0800de4c        0x0 linker stubs

.v4_bx          0x0800de4c        0x0
 .v4_bx         0x0800de4c        0x0 linker stubs

.iplt           0x0800de4c        0x0
 .iplt          0x0800de4c        0x0 C:/ST/STM32CubeIDE_1.18.0/STM32CubeIDE/plugins/com.st.stm32cube.ide.mcu.externaltools.gnu-tools-for-stm32.13.3.rel1.win32_1.0.0.202411081344/tools/bin/../lib/gcc/arm-none-eabi/13.3.1/thumb/v7e-m+fp/hard/crtbegin.o

.rodata         0x0800de50      0x424
                0x0800de50                        . = ALIGN (0x4)
 *(.rodata)
 .rodata        0x0800de50       0x29 ./Core/DataLogger/hal/hal_EEPROM/src/hal_EEPROM.o
 *fill*         0x0800de79        0x3 
 .rodata        0x0800de7c        0x6 ./Core/Src/main.o
 *fill*         0x0800de82        0x2 
 .rodata        0x0800de84       0x36 ./USB_DEVICE/App/usbd_desc.o
 *(.rodata*)
 *fill*         0x0800deba        0x2 
 .rodata.AHBPrescTable
                0x0800debc       0x10 ./Core/Src/system_stm32l4xx.o
                0x0800debc                AHBPrescTable
 .rodata.MSIRangeTable
                0x0800decc       0x30 ./Core/Src/system_stm32l4xx.o
                0x0800decc                MSIRangeTable
 .rodata._printf_float.str1.1
                0x0800defc      0x171 C:/ST/STM32CubeIDE_1.18.0/STM32CubeIDE/plugins/com.st.stm32cube.ide.mcu.externaltools.gnu-tools-for-stm32.13.3.rel1.win32_1.0.0.202411081344/tools/bin/../lib/gcc/arm-none-eabi/13.3.1/../../../../arm-none-eabi/lib/thumb/v7e-m+fp/hard\libc_nano.a(libc_a-nano-vfprintf_float.o)
                                 0x12 (size before relaxing)
 .rodata._printf_i.str1.1
                0x0800e06d       0x22 C:/ST/STM32CubeIDE_1.18.0/STM32CubeIDE/plugins/com.st.stm32cube.ide.mcu.externaltools.gnu-tools-for-stm32.13.3.rel1.win32_1.0.0.202411081344/tools/bin/../lib/gcc/arm-none-eabi/13.3.1/../../../../arm-none-eabi/lib/thumb/v7e-m+fp/hard\libc_nano.a(libc_a-nano-vfprintf_i.o)
 .rodata._dtoa_r.str1.1
                0x0800e06d       0x8f C:/ST/STM32CubeIDE_1.18.0/STM32CubeIDE/plugins/com.st.stm32cube.ide.mcu.externaltools.gnu-tools-for-stm32.13.3.rel1.win32_1.0.0.202411081344/tools/bin/../lib/gcc/arm-none-eabi/13.3.1/../../../../arm-none-eabi/lib/thumb/v7e-m+fp/hard\libc_nano.a(libc_a-dtoa.o)
 .rodata._Balloc.str1.1
                0x0800e06d       0x70 C:/ST/STM32CubeIDE_1.18.0/STM32CubeIDE/plugins/com.st.stm32cube.ide.mcu.externaltools.gnu-tools-for-stm32.13.3.rel1.win32_1.0.0.202411081344/tools/bin/../lib/gcc/arm-none-eabi/13.3.1/../../../../arm-none-eabi/lib/thumb/v7e-m+fp/hard\libc_nano.a(libc_a-mprec.o)
 .rodata.__multadd.str1.1
                0x0800e06d       0x11 C:/ST/STM32CubeIDE_1.18.0/STM32CubeIDE/plugins/com.st.stm32cube.ide.mcu.externaltools.gnu-tools-for-stm32.13.3.rel1.win32_1.0.0.202411081344/tools/bin/../lib/gcc/arm-none-eabi/13.3.1/../../../../arm-none-eabi/lib/thumb/v7e-m+fp/hard\libc_nano.a(libc_a-mprec.o)
 *fill*         0x0800e06d        0x3 
 .rodata.p05.0  0x0800e070        0xc C:/ST/STM32CubeIDE_1.18.0/STM32CubeIDE/plugins/com.st.stm32cube.ide.mcu.externaltools.gnu-tools-for-stm32.13.3.rel1.win32_1.0.0.202411081344/tools/bin/../lib/gcc/arm-none-eabi/13.3.1/../../../../arm-none-eabi/lib/thumb/v7e-m+fp/hard\libc_nano.a(libc_a-mprec.o)
 *fill*         0x0800e07c        0x4 
 .rodata.__mprec_bigtens
                0x0800e080       0x28 C:/ST/STM32CubeIDE_1.18.0/STM32CubeIDE/plugins/com.st.stm32cube.ide.mcu.externaltools.gnu-tools-for-stm32.13.3.rel1.win32_1.0.0.202411081344/tools/bin/../lib/gcc/arm-none-eabi/13.3.1/../../../../arm-none-eabi/lib/thumb/v7e-m+fp/hard\libc_nano.a(libc_a-mprec.o)
                0x0800e080                __mprec_bigtens
 .rodata.__mprec_tens
                0x0800e0a8       0xc8 C:/ST/STM32CubeIDE_1.18.0/STM32CubeIDE/plugins/com.st.stm32cube.ide.mcu.externaltools.gnu-tools-for-stm32.13.3.rel1.win32_1.0.0.202411081344/tools/bin/../lib/gcc/arm-none-eabi/13.3.1/../../../../arm-none-eabi/lib/thumb/v7e-m+fp/hard\libc_nano.a(libc_a-mprec.o)
                0x0800e0a8                __mprec_tens
 .rodata._svfprintf_r.str1.1
                0x0800e170       0x11 C:/ST/STM32CubeIDE_1.18.0/STM32CubeIDE/plugins/com.st.stm32cube.ide.mcu.externaltools.gnu-tools-for-stm32.13.3.rel1.win32_1.0.0.202411081344/tools/bin/../lib/gcc/arm-none-eabi/13.3.1/../../../../arm-none-eabi/lib/thumb/v7e-m+fp/hard\libc_nano.a(libc_a-nano-svfprintf.o)
 .rodata._setlocale_r.str1.1
                0x0800e170        0x9 C:/ST/STM32CubeIDE_1.18.0/STM32CubeIDE/plugins/com.st.stm32cube.ide.mcu.externaltools.gnu-tools-for-stm32.13.3.rel1.win32_1.0.0.202411081344/tools/bin/../lib/gcc/arm-none-eabi/13.3.1/../../../../arm-none-eabi/lib/thumb/v7e-m+fp/hard\libc_nano.a(libc_a-locale.o)
 .rodata.str1.1
                0x0800e170        0x2 C:/ST/STM32CubeIDE_1.18.0/STM32CubeIDE/plugins/com.st.stm32cube.ide.mcu.externaltools.gnu-tools-for-stm32.13.3.rel1.win32_1.0.0.202411081344/tools/bin/../lib/gcc/arm-none-eabi/13.3.1/../../../../arm-none-eabi/lib/thumb/v7e-m+fp/hard\libc_nano.a(libc_a-locale.o)
 .rodata.__assert_func.str1.1
                0x0800e170       0x3d C:/ST/STM32CubeIDE_1.18.0/STM32CubeIDE/plugins/com.st.stm32cube.ide.mcu.externaltools.gnu-tools-for-stm32.13.3.rel1.win32_1.0.0.202411081344/tools/bin/../lib/gcc/arm-none-eabi/13.3.1/../../../../arm-none-eabi/lib/thumb/v7e-m+fp/hard\libc_nano.a(libc_a-assert.o)
 .rodata._ctype_
                0x0800e170      0x101 C:/ST/STM32CubeIDE_1.18.0/STM32CubeIDE/plugins/com.st.stm32cube.ide.mcu.externaltools.gnu-tools-for-stm32.13.3.rel1.win32_1.0.0.202411081344/tools/bin/../lib/gcc/arm-none-eabi/13.3.1/../../../../arm-none-eabi/lib/thumb/v7e-m+fp/hard\libc_nano.a(libc_a-ctype_.o)
                0x0800e170                _ctype_
 .rodata._vfprintf_r.str1.1
                0x0800e271       0x11 C:/ST/STM32CubeIDE_1.18.0/STM32CubeIDE/plugins/com.st.stm32cube.ide.mcu.externaltools.gnu-tools-for-stm32.13.3.rel1.win32_1.0.0.202411081344/tools/bin/../lib/gcc/arm-none-eabi/13.3.1/../../../../arm-none-eabi/lib/thumb/v7e-m+fp/hard\libc_nano.a(libc_a-nano-vfprintf.o)
                0x0800e284                        . = ALIGN (0x4)
 *fill*         0x0800e271        0x3 

.ARM.extab      0x0800e274        0x0
                0x0800e274                        . = ALIGN (0x4)
 *(.ARM.extab* .gnu.linkonce.armextab.*)
                0x0800e274                        . = ALIGN (0x4)

.ARM            0x0800e274        0x8
                0x0800e274                        . = ALIGN (0x4)
                0x0800e274                        __exidx_start = .
 *(.ARM.exidx*)
 .ARM.exidx     0x0800e274        0x8 C:/ST/STM32CubeIDE_1.18.0/STM32CubeIDE/plugins/com.st.stm32cube.ide.mcu.externaltools.gnu-tools-for-stm32.13.3.rel1.win32_1.0.0.202411081344/tools/bin/../lib/gcc/arm-none-eabi/13.3.1/../../../../arm-none-eabi/lib/thumb/v7e-m+fp/hard\libc_nano.a(libc_a-memchr.o)
 .ARM.exidx     0x0800e27c        0x0 C:/ST/STM32CubeIDE_1.18.0/STM32CubeIDE/plugins/com.st.stm32cube.ide.mcu.externaltools.gnu-tools-for-stm32.13.3.rel1.win32_1.0.0.202411081344/tools/bin/../lib/gcc/arm-none-eabi/13.3.1/../../../../arm-none-eabi/lib/thumb/v7e-m+fp/hard\libc_nano.a(libc_a-strlen.o)
                                  0x8 (size before relaxing)
                0x0800e27c                        __exidx_end = .
                0x0800e27c                        . = ALIGN (0x4)

.rel.dyn        0x0800e27c        0x0
 .rel.iplt      0x0800e27c        0x0 C:/ST/STM32CubeIDE_1.18.0/STM32CubeIDE/plugins/com.st.stm32cube.ide.mcu.externaltools.gnu-tools-for-stm32.13.3.rel1.win32_1.0.0.202411081344/tools/bin/../lib/gcc/arm-none-eabi/13.3.1/thumb/v7e-m+fp/hard/crtbegin.o

.preinit_array  0x0800e27c        0x0
                0x0800e27c                        . = ALIGN (0x4)
                0x0800e27c                        PROVIDE (__preinit_array_start = .)
 *(.preinit_array*)
                0x0800e27c                        PROVIDE (__preinit_array_end = .)
                0x0800e27c                        . = ALIGN (0x4)

.init_array     0x0800e27c        0x4
                0x0800e27c                        . = ALIGN (0x4)
                0x0800e27c                        PROVIDE (__init_array_start = .)
 *(SORT_BY_NAME(.init_array.*))
 *(.init_array*)
 .init_array    0x0800e27c        0x4 C:/ST/STM32CubeIDE_1.18.0/STM32CubeIDE/plugins/com.st.stm32cube.ide.mcu.externaltools.gnu-tools-for-stm32.13.3.rel1.win32_1.0.0.202411081344/tools/bin/../lib/gcc/arm-none-eabi/13.3.1/thumb/v7e-m+fp/hard/crtbegin.o
                0x0800e280                        PROVIDE (__init_array_end = .)
                0x0800e280                        . = ALIGN (0x4)

.fini_array     0x0800e280        0x4
                0x0800e280                        . = ALIGN (0x4)
                [!provide]                        PROVIDE (__fini_array_start = .)
 *(SORT_BY_NAME(.fini_array.*))
 *(.fini_array*)
 .fini_array    0x0800e280        0x4 C:/ST/STM32CubeIDE_1.18.0/STM32CubeIDE/plugins/com.st.stm32cube.ide.mcu.externaltools.gnu-tools-for-stm32.13.3.rel1.win32_1.0.0.202411081344/tools/bin/../lib/gcc/arm-none-eabi/13.3.1/thumb/v7e-m+fp/hard/crtbegin.o
                [!provide]                        PROVIDE (__fini_array_end = .)
                0x0800e284                        . = ALIGN (0x4)
                0x0800e284                        _sidata = LOADADDR (.data)

.data           0x20000000      0x2d8 load address 0x0800e284
                0x20000000                        . = ALIGN (0x4)